nohup: ignoring input
2025-07-01T12:42:03 (tts.sh:225:main) ./tts.sh --lang jp --feats_type raw --fs 22050 --n_fft 1024 --n_shift 256 --token_type phn --cleaner jaconv --g2p pyopenjtalk_prosody --train_config conf/tuning/train_jets_22.05k.yaml --inference_config  --train_set tr_no_dev --valid_set dev --test_sets dev eval1 --srctexts data/tr_no_dev/text --audio_format flac --min_wav_duration 0.8 --tts_task gan_tts --write_collected_feats true --dumpdir dump/22.05k --expdir exp/22.05k --inference_model latest.pth --stage 7
2025-07-01T12:42:03 (tts.sh:740:main) Stage 7: TTS Training: train_set=dump/22.05k/raw/tr_no_dev, valid_set=dump/22.05k/raw/dev
2025-07-01T12:42:03 (tts.sh:938:main) Generate 'exp/22.05k/tts_train_jets_22.05k_raw_phn_jaconv_pyopenjtalk_prosody/run.sh'. You can resume the process from stage 7 using this script
2025-07-01T12:42:03 (tts.sh:943:main) TTS training started... log: 'exp/22.05k/tts_train_jets_22.05k_raw_phn_jaconv_pyopenjtalk_prosody/train.log'
2025-07-01 12:42:04,176 (launch:94) INFO: /home/uesugi/miniconda3/envs/espnet_custom/bin/python3 /home/uesugi/espnet-for-customize-jets/espnet2/bin/launch.py --cmd 'run.pl --name exp/22.05k/tts_train_jets_22.05k_raw_phn_jaconv_pyopenjtalk_prosody/train.log' --log exp/22.05k/tts_train_jets_22.05k_raw_phn_jaconv_pyopenjtalk_prosody/train.log --ngpu 1 --num_nodes 1 --init_file_prefix exp/22.05k/tts_train_jets_22.05k_raw_phn_jaconv_pyopenjtalk_prosody/.dist_init_ --multiprocessing_distributed true -- python3 -m espnet2.bin.gan_tts_train --use_preprocessor true --token_type phn --token_list dump/22.05k/token_list/phn_jaconv_pyopenjtalk_prosody/tokens.txt --non_linguistic_symbols none --cleaner jaconv --g2p pyopenjtalk_prosody --normalize global_mvn --resume true --fold_length 150 --fold_length 204800 --output_dir exp/22.05k/tts_train_jets_22.05k_raw_phn_jaconv_pyopenjtalk_prosody --config conf/tuning/train_jets_22.05k.yaml --feats_extract fbank --feats_extract_conf n_fft=1024 --feats_extract_conf hop_length=256 --feats_extract_conf win_length=null --feats_extract_conf fs=22050 --feats_extract_conf fmin=80 --feats_extract_conf fmax=7600 --feats_extract_conf n_mels=80 --train_data_path_and_name_and_type dump/22.05k/raw/tr_no_dev/text,text,text --train_data_path_and_name_and_type dump/22.05k/raw/tr_no_dev/wav.scp,speech,sound --train_shape_file exp/22.05k/tts_stats_raw_phn_jaconv_pyopenjtalk_prosody/train/text_shape.phn --train_shape_file exp/22.05k/tts_stats_raw_phn_jaconv_pyopenjtalk_prosody/train/speech_shape --valid_data_path_and_name_and_type dump/22.05k/raw/dev/text,text,text --valid_data_path_and_name_and_type dump/22.05k/raw/dev/wav.scp,speech,sound --valid_shape_file exp/22.05k/tts_stats_raw_phn_jaconv_pyopenjtalk_prosody/valid/text_shape.phn --valid_shape_file exp/22.05k/tts_stats_raw_phn_jaconv_pyopenjtalk_prosody/valid/speech_shape --train_data_path_and_name_and_type exp/22.05k/tts_stats_raw_phn_jaconv_pyopenjtalk_prosody/train/collect_feats/pitch.scp,pitch,npy --valid_data_path_and_name_and_type exp/22.05k/tts_stats_raw_phn_jaconv_pyopenjtalk_prosody/valid/collect_feats/pitch.scp,pitch,npy --train_data_path_and_name_and_type exp/22.05k/tts_stats_raw_phn_jaconv_pyopenjtalk_prosody/train/collect_feats/energy.scp,energy,npy --valid_data_path_and_name_and_type exp/22.05k/tts_stats_raw_phn_jaconv_pyopenjtalk_prosody/valid/collect_feats/energy.scp,energy,npy --train_data_path_and_name_and_type exp/22.05k/tts_stats_raw_phn_jaconv_pyopenjtalk_prosody/train/collect_feats/d0.scp,d0,npy --valid_data_path_and_name_and_type exp/22.05k/tts_stats_raw_phn_jaconv_pyopenjtalk_prosody/valid/collect_feats/d0.scp,d0,npy --pitch_extract_conf fs=22050 --pitch_extract_conf n_fft=1024 --pitch_extract_conf hop_length=256 --pitch_extract_conf f0max=400 --pitch_extract_conf f0min=80 --pitch_normalize_conf stats_file=exp/22.05k/tts_stats_raw_phn_jaconv_pyopenjtalk_prosody/train/pitch_stats.npz --energy_extract_conf fs=22050 --energy_extract_conf n_fft=1024 --energy_extract_conf hop_length=256 --energy_extract_conf win_length=null --energy_normalize_conf stats_file=exp/22.05k/tts_stats_raw_phn_jaconv_pyopenjtalk_prosody/train/energy_stats.npz --d0_extract_conf fs=22050 --d0_extract_conf n_fft=1024 --d0_extract_conf hop_length=256 --d0_extract_conf win_length=null --d0_normalize_conf stats_file=exp/22.05k/tts_stats_raw_phn_jaconv_pyopenjtalk_prosody/train/d0_stats.npz --normalize_conf stats_file=exp/22.05k/tts_stats_raw_phn_jaconv_pyopenjtalk_prosody/train/feats_stats.npz
2025-07-01 12:42:04,245 (launch:348) INFO: log file: exp/22.05k/tts_train_jets_22.05k_raw_phn_jaconv_pyopenjtalk_prosody/train.log
run.pl: job failed, log is in exp/22.05k/tts_train_jets_22.05k_raw_phn_jaconv_pyopenjtalk_prosody/train.log
Command '['run.pl', '--name', 'exp/22.05k/tts_train_jets_22.05k_raw_phn_jaconv_pyopenjtalk_prosody/train.log', '--gpu', '1', 'exp/22.05k/tts_train_jets_22.05k_raw_phn_jaconv_pyopenjtalk_prosody/train.log', 'python3', '-m', 'espnet2.bin.gan_tts_train', '--use_preprocessor', 'true', '--token_type', 'phn', '--token_list', 'dump/22.05k/token_list/phn_jaconv_pyopenjtalk_prosody/tokens.txt', '--non_linguistic_symbols', 'none', '--cleaner', 'jaconv', '--g2p', 'pyopenjtalk_prosody', '--normalize', 'global_mvn', '--resume', 'true', '--fold_length', '150', '--fold_length', '204800', '--output_dir', 'exp/22.05k/tts_train_jets_22.05k_raw_phn_jaconv_pyopenjtalk_prosody', '--config', 'conf/tuning/train_jets_22.05k.yaml', '--feats_extract', 'fbank', '--feats_extract_conf', 'n_fft=1024', '--feats_extract_conf', 'hop_length=256', '--feats_extract_conf', 'win_length=null', '--feats_extract_conf', 'fs=22050', '--feats_extract_conf', 'fmin=80', '--feats_extract_conf', 'fmax=7600', '--feats_extract_conf', 'n_mels=80', '--train_data_path_and_name_and_type', 'dump/22.05k/raw/tr_no_dev/text,text,text', '--train_data_path_and_name_and_type', 'dump/22.05k/raw/tr_no_dev/wav.scp,speech,sound', '--train_shape_file', 'exp/22.05k/tts_stats_raw_phn_jaconv_pyopenjtalk_prosody/train/text_shape.phn', '--train_shape_file', 'exp/22.05k/tts_stats_raw_phn_jaconv_pyopenjtalk_prosody/train/speech_shape', '--valid_data_path_and_name_and_type', 'dump/22.05k/raw/dev/text,text,text', '--valid_data_path_and_name_and_type', 'dump/22.05k/raw/dev/wav.scp,speech,sound', '--valid_shape_file', 'exp/22.05k/tts_stats_raw_phn_jaconv_pyopenjtalk_prosody/valid/text_shape.phn', '--valid_shape_file', 'exp/22.05k/tts_stats_raw_phn_jaconv_pyopenjtalk_prosody/valid/speech_shape', '--train_data_path_and_name_and_type', 'exp/22.05k/tts_stats_raw_phn_jaconv_pyopenjtalk_prosody/train/collect_feats/pitch.scp,pitch,npy', '--valid_data_path_and_name_and_type', 'exp/22.05k/tts_stats_raw_phn_jaconv_pyopenjtalk_prosody/valid/collect_feats/pitch.scp,pitch,npy', '--train_data_path_and_name_and_type', 'exp/22.05k/tts_stats_raw_phn_jaconv_pyopenjtalk_prosody/train/collect_feats/energy.scp,energy,npy', '--valid_data_path_and_name_and_type', 'exp/22.05k/tts_stats_raw_phn_jaconv_pyopenjtalk_prosody/valid/collect_feats/energy.scp,energy,npy', '--train_data_path_and_name_and_type', 'exp/22.05k/tts_stats_raw_phn_jaconv_pyopenjtalk_prosody/train/collect_feats/d0.scp,d0,npy', '--valid_data_path_and_name_and_type', 'exp/22.05k/tts_stats_raw_phn_jaconv_pyopenjtalk_prosody/valid/collect_feats/d0.scp,d0,npy', '--pitch_extract_conf', 'fs=22050', '--pitch_extract_conf', 'n_fft=1024', '--pitch_extract_conf', 'hop_length=256', '--pitch_extract_conf', 'f0max=400', '--pitch_extract_conf', 'f0min=80', '--pitch_normalize_conf', 'stats_file=exp/22.05k/tts_stats_raw_phn_jaconv_pyopenjtalk_prosody/train/pitch_stats.npz', '--energy_extract_conf', 'fs=22050', '--energy_extract_conf', 'n_fft=1024', '--energy_extract_conf', 'hop_length=256', '--energy_extract_conf', 'win_length=null', '--energy_normalize_conf', 'stats_file=exp/22.05k/tts_stats_raw_phn_jaconv_pyopenjtalk_prosody/train/energy_stats.npz', '--d0_extract_conf', 'fs=22050', '--d0_extract_conf', 'n_fft=1024', '--d0_extract_conf', 'hop_length=256', '--d0_extract_conf', 'win_length=null', '--d0_normalize_conf', 'stats_file=exp/22.05k/tts_stats_raw_phn_jaconv_pyopenjtalk_prosody/train/d0_stats.npz', '--normalize_conf', 'stats_file=exp/22.05k/tts_stats_raw_phn_jaconv_pyopenjtalk_prosody/train/feats_stats.npz', '--ngpu', '1', '--multiprocessing_distributed', 'True']' returned non-zero exit status 1.
Traceback (most recent call last):
  File "/home/uesugi/miniconda3/envs/espnet_custom/lib/python3.9/runpy.py", line 197, in _run_module_as_main
    return _run_code(code, main_globals, None,
  File "/home/uesugi/miniconda3/envs/espnet_custom/lib/python3.9/runpy.py", line 87, in _run_code
    exec(code, run_globals)
  File "/home/uesugi/espnet-for-customize-jets/espnet2/bin/launch.py", line 384, in <module>
    main()
  File "/home/uesugi/espnet-for-customize-jets/espnet2/bin/launch.py", line 375, in main
    raise RuntimeError(
RuntimeError: 
################### The last 1000 lines of exp/22.05k/tts_train_jets_22.05k_raw_phn_jaconv_pyopenjtalk_prosody/train.log ###################
# python3 -m espnet2.bin.gan_tts_train --use_preprocessor true --token_type phn --token_list dump/22.05k/token_list/phn_jaconv_pyopenjtalk_prosody/tokens.txt --non_linguistic_symbols none --cleaner jaconv --g2p pyopenjtalk_prosody --normalize global_mvn --resume true --fold_length 150 --fold_length 204800 --output_dir exp/22.05k/tts_train_jets_22.05k_raw_phn_jaconv_pyopenjtalk_prosody --config conf/tuning/train_jets_22.05k.yaml --feats_extract fbank --feats_extract_conf n_fft=1024 --feats_extract_conf hop_length=256 --feats_extract_conf win_length=null --feats_extract_conf fs=22050 --feats_extract_conf fmin=80 --feats_extract_conf fmax=7600 --feats_extract_conf n_mels=80 --train_data_path_and_name_and_type dump/22.05k/raw/tr_no_dev/text,text,text --train_data_path_and_name_and_type dump/22.05k/raw/tr_no_dev/wav.scp,speech,sound --train_shape_file exp/22.05k/tts_stats_raw_phn_jaconv_pyopenjtalk_prosody/train/text_shape.phn --train_shape_file exp/22.05k/tts_stats_raw_phn_jaconv_pyopenjtalk_prosody/train/speech_shape --valid_data_path_and_name_and_type dump/22.05k/raw/dev/text,text,text --valid_data_path_and_name_and_type dump/22.05k/raw/dev/wav.scp,speech,sound --valid_shape_file exp/22.05k/tts_stats_raw_phn_jaconv_pyopenjtalk_prosody/valid/text_shape.phn --valid_shape_file exp/22.05k/tts_stats_raw_phn_jaconv_pyopenjtalk_prosody/valid/speech_shape --train_data_path_and_name_and_type exp/22.05k/tts_stats_raw_phn_jaconv_pyopenjtalk_prosody/train/collect_feats/pitch.scp,pitch,npy --valid_data_path_and_name_and_type exp/22.05k/tts_stats_raw_phn_jaconv_pyopenjtalk_prosody/valid/collect_feats/pitch.scp,pitch,npy --train_data_path_and_name_and_type exp/22.05k/tts_stats_raw_phn_jaconv_pyopenjtalk_prosody/train/collect_feats/energy.scp,energy,npy --valid_data_path_and_name_and_type exp/22.05k/tts_stats_raw_phn_jaconv_pyopenjtalk_prosody/valid/collect_feats/energy.scp,energy,npy --train_data_path_and_name_and_type exp/22.05k/tts_stats_raw_phn_jaconv_pyopenjtalk_prosody/train/collect_feats/d0.scp,d0,npy --valid_data_path_and_name_and_type exp/22.05k/tts_stats_raw_phn_jaconv_pyopenjtalk_prosody/valid/collect_feats/d0.scp,d0,npy --pitch_extract_conf fs=22050 --pitch_extract_conf n_fft=1024 --pitch_extract_conf hop_length=256 --pitch_extract_conf f0max=400 --pitch_extract_conf f0min=80 --pitch_normalize_conf stats_file=exp/22.05k/tts_stats_raw_phn_jaconv_pyopenjtalk_prosody/train/pitch_stats.npz --energy_extract_conf fs=22050 --energy_extract_conf n_fft=1024 --energy_extract_conf hop_length=256 --energy_extract_conf win_length=null --energy_normalize_conf stats_file=exp/22.05k/tts_stats_raw_phn_jaconv_pyopenjtalk_prosody/train/energy_stats.npz --d0_extract_conf fs=22050 --d0_extract_conf n_fft=1024 --d0_extract_conf hop_length=256 --d0_extract_conf win_length=null --d0_normalize_conf stats_file=exp/22.05k/tts_stats_raw_phn_jaconv_pyopenjtalk_prosody/train/d0_stats.npz --normalize_conf stats_file=exp/22.05k/tts_stats_raw_phn_jaconv_pyopenjtalk_prosody/train/feats_stats.npz --ngpu 1 --multiprocessing_distributed True 
# Started at Tue Jul  1 12:42:04 JST 2025
#
/home/uesugi/miniconda3/envs/espnet_custom/bin/python3 /home/uesugi/espnet-for-customize-jets/espnet2/bin/gan_tts_train.py --use_preprocessor true --token_type phn --token_list dump/22.05k/token_list/phn_jaconv_pyopenjtalk_prosody/tokens.txt --non_linguistic_symbols none --cleaner jaconv --g2p pyopenjtalk_prosody --normalize global_mvn --resume true --fold_length 150 --fold_length 204800 --output_dir exp/22.05k/tts_train_jets_22.05k_raw_phn_jaconv_pyopenjtalk_prosody --config conf/tuning/train_jets_22.05k.yaml --feats_extract fbank --feats_extract_conf n_fft=1024 --feats_extract_conf hop_length=256 --feats_extract_conf win_length=null --feats_extract_conf fs=22050 --feats_extract_conf fmin=80 --feats_extract_conf fmax=7600 --feats_extract_conf n_mels=80 --train_data_path_and_name_and_type dump/22.05k/raw/tr_no_dev/text,text,text --train_data_path_and_name_and_type dump/22.05k/raw/tr_no_dev/wav.scp,speech,sound --train_shape_file exp/22.05k/tts_stats_raw_phn_jaconv_pyopenjtalk_prosody/train/text_shape.phn --train_shape_file exp/22.05k/tts_stats_raw_phn_jaconv_pyopenjtalk_prosody/train/speech_shape --valid_data_path_and_name_and_type dump/22.05k/raw/dev/text,text,text --valid_data_path_and_name_and_type dump/22.05k/raw/dev/wav.scp,speech,sound --valid_shape_file exp/22.05k/tts_stats_raw_phn_jaconv_pyopenjtalk_prosody/valid/text_shape.phn --valid_shape_file exp/22.05k/tts_stats_raw_phn_jaconv_pyopenjtalk_prosody/valid/speech_shape --train_data_path_and_name_and_type exp/22.05k/tts_stats_raw_phn_jaconv_pyopenjtalk_prosody/train/collect_feats/pitch.scp,pitch,npy --valid_data_path_and_name_and_type exp/22.05k/tts_stats_raw_phn_jaconv_pyopenjtalk_prosody/valid/collect_feats/pitch.scp,pitch,npy --train_data_path_and_name_and_type exp/22.05k/tts_stats_raw_phn_jaconv_pyopenjtalk_prosody/train/collect_feats/energy.scp,energy,npy --valid_data_path_and_name_and_type exp/22.05k/tts_stats_raw_phn_jaconv_pyopenjtalk_prosody/valid/collect_feats/energy.scp,energy,npy --train_data_path_and_name_and_type exp/22.05k/tts_stats_raw_phn_jaconv_pyopenjtalk_prosody/train/collect_feats/d0.scp,d0,npy --valid_data_path_and_name_and_type exp/22.05k/tts_stats_raw_phn_jaconv_pyopenjtalk_prosody/valid/collect_feats/d0.scp,d0,npy --pitch_extract_conf fs=22050 --pitch_extract_conf n_fft=1024 --pitch_extract_conf hop_length=256 --pitch_extract_conf f0max=400 --pitch_extract_conf f0min=80 --pitch_normalize_conf stats_file=exp/22.05k/tts_stats_raw_phn_jaconv_pyopenjtalk_prosody/train/pitch_stats.npz --energy_extract_conf fs=22050 --energy_extract_conf n_fft=1024 --energy_extract_conf hop_length=256 --energy_extract_conf win_length=null --energy_normalize_conf stats_file=exp/22.05k/tts_stats_raw_phn_jaconv_pyopenjtalk_prosody/train/energy_stats.npz --d0_extract_conf fs=22050 --d0_extract_conf n_fft=1024 --d0_extract_conf hop_length=256 --d0_extract_conf win_length=null --d0_normalize_conf stats_file=exp/22.05k/tts_stats_raw_phn_jaconv_pyopenjtalk_prosody/train/d0_stats.npz --normalize_conf stats_file=exp/22.05k/tts_stats_raw_phn_jaconv_pyopenjtalk_prosody/train/feats_stats.npz --ngpu 1 --multiprocessing_distributed True
Failed to import Flash Attention, using ESPnet default: libcudart.so.12: cannot open shared object file: No such file or directory
Vocabulary size: 47
encoder self-attention layer type = self-attention
encoder self-attention layer type = self-attention
/home/uesugi/miniconda3/envs/espnet_custom/lib/python3.9/site-packages/torch/nn/utils/weight_norm.py:143: FutureWarning: `torch.nn.utils.weight_norm` is deprecated in favor of `torch.nn.utils.parametrizations.weight_norm`.
  WeightNorm.apply(module, name, dim)
Initialize encoder.encoders.0.self_attn.linear_q.bias to zeros
Initialize encoder.encoders.0.self_attn.linear_k.bias to zeros
Initialize encoder.encoders.0.self_attn.linear_v.bias to zeros
Initialize encoder.encoders.0.self_attn.linear_out.bias to zeros
Initialize encoder.encoders.0.feed_forward.w_1.bias to zeros
Initialize encoder.encoders.0.feed_forward.w_2.bias to zeros
Initialize encoder.encoders.0.norm1.bias to zeros
Initialize encoder.encoders.0.norm2.bias to zeros
Initialize encoder.encoders.1.self_attn.linear_q.bias to zeros
Initialize encoder.encoders.1.self_attn.linear_k.bias to zeros
Initialize encoder.encoders.1.self_attn.linear_v.bias to zeros
Initialize encoder.encoders.1.self_attn.linear_out.bias to zeros
Initialize encoder.encoders.1.feed_forward.w_1.bias to zeros
Initialize encoder.encoders.1.feed_forward.w_2.bias to zeros
Initialize encoder.encoders.1.norm1.bias to zeros
Initialize encoder.encoders.1.norm2.bias to zeros
Initialize encoder.encoders.2.self_attn.linear_q.bias to zeros
Initialize encoder.encoders.2.self_attn.linear_k.bias to zeros
Initialize encoder.encoders.2.self_attn.linear_v.bias to zeros
Initialize encoder.encoders.2.self_attn.linear_out.bias to zeros
Initialize encoder.encoders.2.feed_forward.w_1.bias to zeros
Initialize encoder.encoders.2.feed_forward.w_2.bias to zeros
Initialize encoder.encoders.2.norm1.bias to zeros
Initialize encoder.encoders.2.norm2.bias to zeros
Initialize encoder.encoders.3.self_attn.linear_q.bias to zeros
Initialize encoder.encoders.3.self_attn.linear_k.bias to zeros
Initialize encoder.encoders.3.self_attn.linear_v.bias to zeros
Initialize encoder.encoders.3.self_attn.linear_out.bias to zeros
Initialize encoder.encoders.3.feed_forward.w_1.bias to zeros
Initialize encoder.encoders.3.feed_forward.w_2.bias to zeros
Initialize encoder.encoders.3.norm1.bias to zeros
Initialize encoder.encoders.3.norm2.bias to zeros
Initialize encoder.after_norm.bias to zeros
Initialize duration_predictor.conv.0.0.bias to zeros
Initialize duration_predictor.conv.0.2.bias to zeros
Initialize duration_predictor.conv.1.0.bias to zeros
Initialize duration_predictor.conv.1.2.bias to zeros
Initialize duration_predictor.linear.bias to zeros
Initialize pitch_predictor.conv.0.0.bias to zeros
Initialize pitch_predictor.conv.0.2.bias to zeros
Initialize pitch_predictor.conv.1.0.bias to zeros
Initialize pitch_predictor.conv.1.2.bias to zeros
Initialize pitch_predictor.conv.2.0.bias to zeros
Initialize pitch_predictor.conv.2.2.bias to zeros
Initialize pitch_predictor.conv.3.0.bias to zeros
Initialize pitch_predictor.conv.3.2.bias to zeros
Initialize pitch_predictor.conv.4.0.bias to zeros
Initialize pitch_predictor.conv.4.2.bias to zeros
Initialize pitch_predictor.linear.bias to zeros
Initialize pitch_embed.0.bias to zeros
Initialize energy_predictor.conv.0.0.bias to zeros
Initialize energy_predictor.conv.0.2.bias to zeros
Initialize energy_predictor.conv.1.0.bias to zeros
Initialize energy_predictor.conv.1.2.bias to zeros
Initialize energy_predictor.linear.bias to zeros
Initialize energy_embed.0.bias to zeros
Initialize d0_predictor.conv.0.0.bias to zeros
Initialize d0_predictor.conv.0.2.bias to zeros
Initialize d0_predictor.conv.1.0.bias to zeros
Initialize d0_predictor.conv.1.2.bias to zeros
Initialize d0_predictor.linear.bias to zeros
Initialize d0_embed.0.bias to zeros
Initialize alignment_module.t_conv1.bias to zeros
Initialize alignment_module.t_conv2.bias to zeros
Initialize alignment_module.f_conv1.bias to zeros
Initialize alignment_module.f_conv2.bias to zeros
Initialize alignment_module.f_conv3.bias to zeros
Initialize decoder.encoders.0.self_attn.linear_q.bias to zeros
Initialize decoder.encoders.0.self_attn.linear_k.bias to zeros
Initialize decoder.encoders.0.self_attn.linear_v.bias to zeros
Initialize decoder.encoders.0.self_attn.linear_out.bias to zeros
Initialize decoder.encoders.0.feed_forward.w_1.bias to zeros
Initialize decoder.encoders.0.feed_forward.w_2.bias to zeros
Initialize decoder.encoders.0.norm1.bias to zeros
Initialize decoder.encoders.0.norm2.bias to zeros
Initialize decoder.encoders.1.self_attn.linear_q.bias to zeros
Initialize decoder.encoders.1.self_attn.linear_k.bias to zeros
Initialize decoder.encoders.1.self_attn.linear_v.bias to zeros
Initialize decoder.encoders.1.self_attn.linear_out.bias to zeros
Initialize decoder.encoders.1.feed_forward.w_1.bias to zeros
Initialize decoder.encoders.1.feed_forward.w_2.bias to zeros
Initialize decoder.encoders.1.norm1.bias to zeros
Initialize decoder.encoders.1.norm2.bias to zeros
Initialize decoder.encoders.2.self_attn.linear_q.bias to zeros
Initialize decoder.encoders.2.self_attn.linear_k.bias to zeros
Initialize decoder.encoders.2.self_attn.linear_v.bias to zeros
Initialize decoder.encoders.2.self_attn.linear_out.bias to zeros
Initialize decoder.encoders.2.feed_forward.w_1.bias to zeros
Initialize decoder.encoders.2.feed_forward.w_2.bias to zeros
Initialize decoder.encoders.2.norm1.bias to zeros
Initialize decoder.encoders.2.norm2.bias to zeros
Initialize decoder.encoders.3.self_attn.linear_q.bias to zeros
Initialize decoder.encoders.3.self_attn.linear_k.bias to zeros
Initialize decoder.encoders.3.self_attn.linear_v.bias to zeros
Initialize decoder.encoders.3.self_attn.linear_out.bias to zeros
Initialize decoder.encoders.3.feed_forward.w_1.bias to zeros
Initialize decoder.encoders.3.feed_forward.w_2.bias to zeros
Initialize decoder.encoders.3.norm1.bias to zeros
Initialize decoder.encoders.3.norm2.bias to zeros
Initialize decoder.after_norm.bias to zeros
Initialize generator.input_conv.bias to zeros
Initialize generator.upsamples.0.1.bias to zeros
Initialize generator.upsamples.1.1.bias to zeros
Initialize generator.upsamples.2.1.bias to zeros
Initialize generator.upsamples.3.1.bias to zeros
Initialize generator.blocks.0.convs1.0.1.bias to zeros
Initialize generator.blocks.0.convs1.1.1.bias to zeros
Initialize generator.blocks.0.convs1.2.1.bias to zeros
Initialize generator.blocks.0.convs2.0.1.bias to zeros
Initialize generator.blocks.0.convs2.1.1.bias to zeros
Initialize generator.blocks.0.convs2.2.1.bias to zeros
Initialize generator.blocks.1.convs1.0.1.bias to zeros
Initialize generator.blocks.1.convs1.1.1.bias to zeros
Initialize generator.blocks.1.convs1.2.1.bias to zeros
Initialize generator.blocks.1.convs2.0.1.bias to zeros
Initialize generator.blocks.1.convs2.1.1.bias to zeros
Initialize generator.blocks.1.convs2.2.1.bias to zeros
Initialize generator.blocks.2.convs1.0.1.bias to zeros
Initialize generator.blocks.2.convs1.1.1.bias to zeros
Initialize generator.blocks.2.convs1.2.1.bias to zeros
Initialize generator.blocks.2.convs2.0.1.bias to zeros
Initialize generator.blocks.2.convs2.1.1.bias to zeros
Initialize generator.blocks.2.convs2.2.1.bias to zeros
Initialize generator.blocks.3.convs1.0.1.bias to zeros
Initialize generator.blocks.3.convs1.1.1.bias to zeros
Initialize generator.blocks.3.convs1.2.1.bias to zeros
Initialize generator.blocks.3.convs2.0.1.bias to zeros
Initialize generator.blocks.3.convs2.1.1.bias to zeros
Initialize generator.blocks.3.convs2.2.1.bias to zeros
Initialize generator.blocks.4.convs1.0.1.bias to zeros
Initialize generator.blocks.4.convs1.1.1.bias to zeros
Initialize generator.blocks.4.convs1.2.1.bias to zeros
Initialize generator.blocks.4.convs2.0.1.bias to zeros
Initialize generator.blocks.4.convs2.1.1.bias to zeros
Initialize generator.blocks.4.convs2.2.1.bias to zeros
Initialize generator.blocks.5.convs1.0.1.bias to zeros
Initialize generator.blocks.5.convs1.1.1.bias to zeros
Initialize generator.blocks.5.convs1.2.1.bias to zeros
Initialize generator.blocks.5.convs2.0.1.bias to zeros
Initialize generator.blocks.5.convs2.1.1.bias to zeros
Initialize generator.blocks.5.convs2.2.1.bias to zeros
Initialize generator.blocks.6.convs1.0.1.bias to zeros
Initialize generator.blocks.6.convs1.1.1.bias to zeros
Initialize generator.blocks.6.convs1.2.1.bias to zeros
Initialize generator.blocks.6.convs2.0.1.bias to zeros
Initialize generator.blocks.6.convs2.1.1.bias to zeros
Initialize generator.blocks.6.convs2.2.1.bias to zeros
Initialize generator.blocks.7.convs1.0.1.bias to zeros
Initialize generator.blocks.7.convs1.1.1.bias to zeros
Initialize generator.blocks.7.convs1.2.1.bias to zeros
Initialize generator.blocks.7.convs2.0.1.bias to zeros
Initialize generator.blocks.7.convs2.1.1.bias to zeros
Initialize generator.blocks.7.convs2.2.1.bias to zeros
Initialize generator.blocks.8.convs1.0.1.bias to zeros
Initialize generator.blocks.8.convs1.1.1.bias to zeros
Initialize generator.blocks.8.convs1.2.1.bias to zeros
Initialize generator.blocks.8.convs2.0.1.bias to zeros
Initialize generator.blocks.8.convs2.1.1.bias to zeros
Initialize generator.blocks.8.convs2.2.1.bias to zeros
Initialize generator.blocks.9.convs1.0.1.bias to zeros
Initialize generator.blocks.9.convs1.1.1.bias to zeros
Initialize generator.blocks.9.convs1.2.1.bias to zeros
Initialize generator.blocks.9.convs2.0.1.bias to zeros
Initialize generator.blocks.9.convs2.1.1.bias to zeros
Initialize generator.blocks.9.convs2.2.1.bias to zeros
Initialize generator.blocks.10.convs1.0.1.bias to zeros
Initialize generator.blocks.10.convs1.1.1.bias to zeros
Initialize generator.blocks.10.convs1.2.1.bias to zeros
Initialize generator.blocks.10.convs2.0.1.bias to zeros
Initialize generator.blocks.10.convs2.1.1.bias to zeros
Initialize generator.blocks.10.convs2.2.1.bias to zeros
Initialize generator.blocks.11.convs1.0.1.bias to zeros
Initialize generator.blocks.11.convs1.1.1.bias to zeros
Initialize generator.blocks.11.convs1.2.1.bias to zeros
Initialize generator.blocks.11.convs2.0.1.bias to zeros
Initialize generator.blocks.11.convs2.1.1.bias to zeros
Initialize generator.blocks.11.convs2.2.1.bias to zeros
Initialize generator.output_conv.1.bias to zeros
pytorch.version=2.5.1, cuda.available=True, cudnn.version=90100, cudnn.benchmark=False, cudnn.deterministic=False
Model structure:
ESPnetGANTTSModel(
  (feats_extract): LogMelFbank(
    (stft): Stft(n_fft=1024, win_length=1024, hop_length=256, center=True, normalized=False, onesided=True)
    (logmel): LogMel(sr=22050, n_fft=1024, n_mels=80, fmin=80, fmax=7600, htk=False)
  )
  (normalize): GlobalMVN(stats_file=exp/22.05k/tts_stats_raw_phn_jaconv_pyopenjtalk_prosody/train/feats_stats.npz, norm_means=True, norm_vars=True)
  (pitch_extract): Dio()
  (pitch_normalize): GlobalMVN(stats_file=exp/22.05k/tts_stats_raw_phn_jaconv_pyopenjtalk_prosody/train/pitch_stats.npz, norm_means=True, norm_vars=True)
  (energy_extract): Energy(
    (stft): Stft(n_fft=1024, win_length=1024, hop_length=256, center=True, normalized=False, onesided=True)
  )
  (energy_normalize): GlobalMVN(stats_file=exp/22.05k/tts_stats_raw_phn_jaconv_pyopenjtalk_prosody/train/energy_stats.npz, norm_means=True, norm_vars=True)
  (d0_extract): D0(
    (stft): Stft(n_fft=1024, win_length=1024, hop_length=256, center=True, normalized=False, onesided=True)
  )
  (d0_normalize): GlobalMVN(stats_file=exp/22.05k/tts_stats_raw_phn_jaconv_pyopenjtalk_prosody/train/d0_stats.npz, norm_means=True, norm_vars=True)
  (tts): JETS(
    (generator): JETSGenerator(
      (encoder): Encoder(
        (embed): Sequential(
          (0): Embedding(47, 256, padding_idx=0)
          (1): ScaledPositionalEncoding(
            (dropout): Dropout(p=0.2, inplace=False)
          )
        )
        (encoders): MultiSequential(
          (0): EncoderLayer(
            (self_attn): MultiHeadedAttention(
              (linear_q): Linear(in_features=256, out_features=256, bias=True)
              (linear_k): Linear(in_features=256, out_features=256, bias=True)
              (linear_v): Linear(in_features=256, out_features=256, bias=True)
              (linear_out): Linear(in_features=256, out_features=256, bias=True)
              (dropout): Dropout(p=0.2, inplace=False)
              (q_norm): Identity()
              (k_norm): Identity()
            )
            (feed_forward): MultiLayeredConv1d(
              (w_1): Conv1d(256, 1024, kernel_size=(3,), stride=(1,), padding=(1,))
              (w_2): Conv1d(1024, 256, kernel_size=(3,), stride=(1,), padding=(1,))
              (dropout): Dropout(p=0.2, inplace=False)
            )
            (norm1): LayerNorm((256,), eps=1e-12, elementwise_affine=True)
            (norm2): LayerNorm((256,), eps=1e-12, elementwise_affine=True)
            (dropout): Dropout(p=0.2, inplace=False)
          )
          (1): EncoderLayer(
            (self_attn): MultiHeadedAttention(
              (linear_q): Linear(in_features=256, out_features=256, bias=True)
              (linear_k): Linear(in_features=256, out_features=256, bias=True)
              (linear_v): Linear(in_features=256, out_features=256, bias=True)
              (linear_out): Linear(in_features=256, out_features=256, bias=True)
              (dropout): Dropout(p=0.2, inplace=False)
              (q_norm): Identity()
              (k_norm): Identity()
            )
            (feed_forward): MultiLayeredConv1d(
              (w_1): Conv1d(256, 1024, kernel_size=(3,), stride=(1,), padding=(1,))
              (w_2): Conv1d(1024, 256, kernel_size=(3,), stride=(1,), padding=(1,))
              (dropout): Dropout(p=0.2, inplace=False)
            )
            (norm1): LayerNorm((256,), eps=1e-12, elementwise_affine=True)
            (norm2): LayerNorm((256,), eps=1e-12, elementwise_affine=True)
            (dropout): Dropout(p=0.2, inplace=False)
          )
          (2): EncoderLayer(
            (self_attn): MultiHeadedAttention(
              (linear_q): Linear(in_features=256, out_features=256, bias=True)
              (linear_k): Linear(in_features=256, out_features=256, bias=True)
              (linear_v): Linear(in_features=256, out_features=256, bias=True)
              (linear_out): Linear(in_features=256, out_features=256, bias=True)
              (dropout): Dropout(p=0.2, inplace=False)
              (q_norm): Identity()
              (k_norm): Identity()
            )
            (feed_forward): MultiLayeredConv1d(
              (w_1): Conv1d(256, 1024, kernel_size=(3,), stride=(1,), padding=(1,))
              (w_2): Conv1d(1024, 256, kernel_size=(3,), stride=(1,), padding=(1,))
              (dropout): Dropout(p=0.2, inplace=False)
            )
            (norm1): LayerNorm((256,), eps=1e-12, elementwise_affine=True)
            (norm2): LayerNorm((256,), eps=1e-12, elementwise_affine=True)
            (dropout): Dropout(p=0.2, inplace=False)
          )
          (3): EncoderLayer(
            (self_attn): MultiHeadedAttention(
              (linear_q): Linear(in_features=256, out_features=256, bias=True)
              (linear_k): Linear(in_features=256, out_features=256, bias=True)
              (linear_v): Linear(in_features=256, out_features=256, bias=True)
              (linear_out): Linear(in_features=256, out_features=256, bias=True)
              (dropout): Dropout(p=0.2, inplace=False)
              (q_norm): Identity()
              (k_norm): Identity()
            )
            (feed_forward): MultiLayeredConv1d(
              (w_1): Conv1d(256, 1024, kernel_size=(3,), stride=(1,), padding=(1,))
              (w_2): Conv1d(1024, 256, kernel_size=(3,), stride=(1,), padding=(1,))
              (dropout): Dropout(p=0.2, inplace=False)
            )
            (norm1): LayerNorm((256,), eps=1e-12, elementwise_affine=True)
            (norm2): LayerNorm((256,), eps=1e-12, elementwise_affine=True)
            (dropout): Dropout(p=0.2, inplace=False)
          )
        )
        (after_norm): LayerNorm((256,), eps=1e-12, elementwise_affine=True)
      )
      (duration_predictor): DurationPredictor(
        (conv): ModuleList(
          (0-1): 2 x Sequential(
            (0): Conv1d(256, 256, kernel_size=(3,), stride=(1,), padding=(1,))
            (1): ReLU()
            (2): LayerNorm((256,), eps=1e-12, elementwise_affine=True)
            (3): Dropout(p=0.1, inplace=False)
          )
        )
        (linear): Linear(in_features=256, out_features=1, bias=True)
      )
      (pitch_predictor): VariancePredictor(
        (conv): ModuleList(
          (0-4): 5 x Sequential(
            (0): Conv1d(256, 256, kernel_size=(5,), stride=(1,), padding=(2,))
            (1): ReLU()
            (2): LayerNorm((256,), eps=1e-12, elementwise_affine=True)
            (3): Dropout(p=0.5, inplace=False)
          )
        )
        (linear): Linear(in_features=256, out_features=1, bias=True)
      )
      (pitch_embed): Sequential(
        (0): Conv1d(1, 256, kernel_size=(1,), stride=(1,))
        (1): Dropout(p=0.0, inplace=False)
      )
      (energy_predictor): VariancePredictor(
        (conv): ModuleList(
          (0-1): 2 x Sequential(
            (0): Conv1d(256, 256, kernel_size=(3,), stride=(1,), padding=(1,))
            (1): ReLU()
            (2): LayerNorm((256,), eps=1e-12, elementwise_affine=True)
            (3): Dropout(p=0.5, inplace=False)
          )
        )
        (linear): Linear(in_features=256, out_features=1, bias=True)
      )
      (energy_embed): Sequential(
        (0): Conv1d(1, 256, kernel_size=(1,), stride=(1,))
        (1): Dropout(p=0.0, inplace=False)
      )
      (d0_predictor): VariancePredictor(
        (conv): ModuleList(
          (0-1): 2 x Sequential(
            (0): Conv1d(256, 256, kernel_size=(3,), stride=(1,), padding=(1,))
            (1): ReLU()
            (2): LayerNorm((256,), eps=1e-12, elementwise_affine=True)
            (3): Dropout(p=0.5, inplace=False)
          )
        )
        (linear): Linear(in_features=256, out_features=1, bias=True)
      )
      (d0_embed): Sequential(
        (0): Conv1d(1, 256, kernel_size=(1,), stride=(1,))
        (1): Dropout(p=0.0, inplace=False)
      )
      (alignment_module): AlignmentModule(
        (t_conv1): Conv1d(256, 256, kernel_size=(3,), stride=(1,), padding=(1,))
        (t_conv2): Conv1d(256, 256, kernel_size=(1,), stride=(1,))
        (f_conv1): Conv1d(80, 256, kernel_size=(3,), stride=(1,), padding=(1,))
        (f_conv2): Conv1d(256, 256, kernel_size=(3,), stride=(1,), padding=(1,))
        (f_conv3): Conv1d(256, 256, kernel_size=(1,), stride=(1,))
      )
      (length_regulator): GaussianUpsampling()
      (decoder): Encoder(
        (embed): Sequential(
          (0): ScaledPositionalEncoding(
            (dropout): Dropout(p=0.2, inplace=False)
          )
        )
        (encoders): MultiSequential(
          (0): EncoderLayer(
            (self_attn): MultiHeadedAttention(
              (linear_q): Linear(in_features=256, out_features=256, bias=True)
              (linear_k): Linear(in_features=256, out_features=256, bias=True)
              (linear_v): Linear(in_features=256, out_features=256, bias=True)
              (linear_out): Linear(in_features=256, out_features=256, bias=True)
              (dropout): Dropout(p=0.2, inplace=False)
              (q_norm): Identity()
              (k_norm): Identity()
            )
            (feed_forward): MultiLayeredConv1d(
              (w_1): Conv1d(256, 1024, kernel_size=(3,), stride=(1,), padding=(1,))
              (w_2): Conv1d(1024, 256, kernel_size=(3,), stride=(1,), padding=(1,))
              (dropout): Dropout(p=0.2, inplace=False)
            )
            (norm1): LayerNorm((256,), eps=1e-12, elementwise_affine=True)
            (norm2): LayerNorm((256,), eps=1e-12, elementwise_affine=True)
            (dropout): Dropout(p=0.2, inplace=False)
          )
          (1): EncoderLayer(
            (self_attn): MultiHeadedAttention(
              (linear_q): Linear(in_features=256, out_features=256, bias=True)
              (linear_k): Linear(in_features=256, out_features=256, bias=True)
              (linear_v): Linear(in_features=256, out_features=256, bias=True)
              (linear_out): Linear(in_features=256, out_features=256, bias=True)
              (dropout): Dropout(p=0.2, inplace=False)
              (q_norm): Identity()
              (k_norm): Identity()
            )
            (feed_forward): MultiLayeredConv1d(
              (w_1): Conv1d(256, 1024, kernel_size=(3,), stride=(1,), padding=(1,))
              (w_2): Conv1d(1024, 256, kernel_size=(3,), stride=(1,), padding=(1,))
              (dropout): Dropout(p=0.2, inplace=False)
            )
            (norm1): LayerNorm((256,), eps=1e-12, elementwise_affine=True)
            (norm2): LayerNorm((256,), eps=1e-12, elementwise_affine=True)
            (dropout): Dropout(p=0.2, inplace=False)
          )
          (2): EncoderLayer(
            (self_attn): MultiHeadedAttention(
              (linear_q): Linear(in_features=256, out_features=256, bias=True)
              (linear_k): Linear(in_features=256, out_features=256, bias=True)
              (linear_v): Linear(in_features=256, out_features=256, bias=True)
              (linear_out): Linear(in_features=256, out_features=256, bias=True)
              (dropout): Dropout(p=0.2, inplace=False)
              (q_norm): Identity()
              (k_norm): Identity()
            )
            (feed_forward): MultiLayeredConv1d(
              (w_1): Conv1d(256, 1024, kernel_size=(3,), stride=(1,), padding=(1,))
              (w_2): Conv1d(1024, 256, kernel_size=(3,), stride=(1,), padding=(1,))
              (dropout): Dropout(p=0.2, inplace=False)
            )
            (norm1): LayerNorm((256,), eps=1e-12, elementwise_affine=True)
            (norm2): LayerNorm((256,), eps=1e-12, elementwise_affine=True)
            (dropout): Dropout(p=0.2, inplace=False)
          )
          (3): EncoderLayer(
            (self_attn): MultiHeadedAttention(
              (linear_q): Linear(in_features=256, out_features=256, bias=True)
              (linear_k): Linear(in_features=256, out_features=256, bias=True)
              (linear_v): Linear(in_features=256, out_features=256, bias=True)
              (linear_out): Linear(in_features=256, out_features=256, bias=True)
              (dropout): Dropout(p=0.2, inplace=False)
              (q_norm): Identity()
              (k_norm): Identity()
            )
            (feed_forward): MultiLayeredConv1d(
              (w_1): Conv1d(256, 1024, kernel_size=(3,), stride=(1,), padding=(1,))
              (w_2): Conv1d(1024, 256, kernel_size=(3,), stride=(1,), padding=(1,))
              (dropout): Dropout(p=0.2, inplace=False)
            )
            (norm1): LayerNorm((256,), eps=1e-12, elementwise_affine=True)
            (norm2): LayerNorm((256,), eps=1e-12, elementwise_affine=True)
            (dropout): Dropout(p=0.2, inplace=False)
          )
        )
        (after_norm): LayerNorm((256,), eps=1e-12, elementwise_affine=True)
      )
      (generator): HiFiGANGenerator(
        (input_conv): Conv1d(256, 512, kernel_size=(7,), stride=(1,), padding=(3,))
        (upsamples): ModuleList(
          (0): Sequential(
            (0): LeakyReLU(negative_slope=0.1)
            (1): ConvTranspose1d(512, 256, kernel_size=(16,), stride=(8,), padding=(4,))
          )
          (1): Sequential(
            (0): LeakyReLU(negative_slope=0.1)
            (1): ConvTranspose1d(256, 128, kernel_size=(16,), stride=(8,), padding=(4,))
          )
          (2): Sequential(
            (0): LeakyReLU(negative_slope=0.1)
            (1): ConvTranspose1d(128, 64, kernel_size=(4,), stride=(2,), padding=(1,))
          )
          (3): Sequential(
            (0): LeakyReLU(negative_slope=0.1)
            (1): ConvTranspose1d(64, 32, kernel_size=(4,), stride=(2,), padding=(1,))
          )
        )
        (blocks): ModuleList(
          (0): ResidualBlock(
            (convs1): ModuleList(
              (0): Sequential(
                (0): LeakyReLU(negative_slope=0.1)
                (1): Conv1d(256, 256, kernel_size=(3,), stride=(1,), padding=(1,))
              )
              (1): Sequential(
                (0): LeakyReLU(negative_slope=0.1)
                (1): Conv1d(256, 256, kernel_size=(3,), stride=(1,), padding=(3,), dilation=(3,))
              )
              (2): Sequential(
                (0): LeakyReLU(negative_slope=0.1)
                (1): Conv1d(256, 256, kernel_size=(3,), stride=(1,), padding=(5,), dilation=(5,))
              )
            )
            (convs2): ModuleList(
              (0-2): 3 x Sequential(
                (0): LeakyReLU(negative_slope=0.1)
                (1): Conv1d(256, 256, kernel_size=(3,), stride=(1,), padding=(1,))
              )
            )
          )
          (1): ResidualBlock(
            (convs1): ModuleList(
              (0): Sequential(
                (0): LeakyReLU(negative_slope=0.1)
                (1): Conv1d(256, 256, kernel_size=(7,), stride=(1,), padding=(3,))
              )
              (1): Sequential(
                (0): LeakyReLU(negative_slope=0.1)
                (1): Conv1d(256, 256, kernel_size=(7,), stride=(1,), padding=(9,), dilation=(3,))
              )
              (2): Sequential(
                (0): LeakyReLU(negative_slope=0.1)
                (1): Conv1d(256, 256, kernel_size=(7,), stride=(1,), padding=(15,), dilation=(5,))
              )
            )
            (convs2): ModuleList(
              (0-2): 3 x Sequential(
                (0): LeakyReLU(negative_slope=0.1)
                (1): Conv1d(256, 256, kernel_size=(7,), stride=(1,), padding=(3,))
              )
            )
          )
          (2): ResidualBlock(
            (convs1): ModuleList(
              (0): Sequential(
                (0): LeakyReLU(negative_slope=0.1)
                (1): Conv1d(256, 256, kernel_size=(11,), stride=(1,), padding=(5,))
              )
              (1): Sequential(
                (0): LeakyReLU(negative_slope=0.1)
                (1): Conv1d(256, 256, kernel_size=(11,), stride=(1,), padding=(15,), dilation=(3,))
              )
              (2): Sequential(
                (0): LeakyReLU(negative_slope=0.1)
                (1): Conv1d(256, 256, kernel_size=(11,), stride=(1,), padding=(25,), dilation=(5,))
              )
            )
            (convs2): ModuleList(
              (0-2): 3 x Sequential(
                (0): LeakyReLU(negative_slope=0.1)
                (1): Conv1d(256, 256, kernel_size=(11,), stride=(1,), padding=(5,))
              )
            )
          )
          (3): ResidualBlock(
            (convs1): ModuleList(
              (0): Sequential(
                (0): LeakyReLU(negative_slope=0.1)
                (1): Conv1d(128, 128, kernel_size=(3,), stride=(1,), padding=(1,))
              )
              (1): Sequential(
                (0): LeakyReLU(negative_slope=0.1)
                (1): Conv1d(128, 128, kernel_size=(3,), stride=(1,), padding=(3,), dilation=(3,))
              )
              (2): Sequential(
                (0): LeakyReLU(negative_slope=0.1)
                (1): Conv1d(128, 128, kernel_size=(3,), stride=(1,), padding=(5,), dilation=(5,))
              )
            )
            (convs2): ModuleList(
              (0-2): 3 x Sequential(
                (0): LeakyReLU(negative_slope=0.1)
                (1): Conv1d(128, 128, kernel_size=(3,), stride=(1,), padding=(1,))
              )
            )
          )
          (4): ResidualBlock(
            (convs1): ModuleList(
              (0): Sequential(
                (0): LeakyReLU(negative_slope=0.1)
                (1): Conv1d(128, 128, kernel_size=(7,), stride=(1,), padding=(3,))
              )
              (1): Sequential(
                (0): LeakyReLU(negative_slope=0.1)
                (1): Conv1d(128, 128, kernel_size=(7,), stride=(1,), padding=(9,), dilation=(3,))
              )
              (2): Sequential(
                (0): LeakyReLU(negative_slope=0.1)
                (1): Conv1d(128, 128, kernel_size=(7,), stride=(1,), padding=(15,), dilation=(5,))
              )
            )
            (convs2): ModuleList(
              (0-2): 3 x Sequential(
                (0): LeakyReLU(negative_slope=0.1)
                (1): Conv1d(128, 128, kernel_size=(7,), stride=(1,), padding=(3,))
              )
            )
          )
          (5): ResidualBlock(
            (convs1): ModuleList(
              (0): Sequential(
                (0): LeakyReLU(negative_slope=0.1)
                (1): Conv1d(128, 128, kernel_size=(11,), stride=(1,), padding=(5,))
              )
              (1): Sequential(
                (0): LeakyReLU(negative_slope=0.1)
                (1): Conv1d(128, 128, kernel_size=(11,), stride=(1,), padding=(15,), dilation=(3,))
              )
              (2): Sequential(
                (0): LeakyReLU(negative_slope=0.1)
                (1): Conv1d(128, 128, kernel_size=(11,), stride=(1,), padding=(25,), dilation=(5,))
              )
            )
            (convs2): ModuleList(
              (0-2): 3 x Sequential(
                (0): LeakyReLU(negative_slope=0.1)
                (1): Conv1d(128, 128, kernel_size=(11,), stride=(1,), padding=(5,))
              )
            )
          )
          (6): ResidualBlock(
            (convs1): ModuleList(
              (0): Sequential(
                (0): LeakyReLU(negative_slope=0.1)
                (1): Conv1d(64, 64, kernel_size=(3,), stride=(1,), padding=(1,))
              )
              (1): Sequential(
                (0): LeakyReLU(negative_slope=0.1)
                (1): Conv1d(64, 64, kernel_size=(3,), stride=(1,), padding=(3,), dilation=(3,))
              )
              (2): Sequential(
                (0): LeakyReLU(negative_slope=0.1)
                (1): Conv1d(64, 64, kernel_size=(3,), stride=(1,), padding=(5,), dilation=(5,))
              )
            )
            (convs2): ModuleList(
              (0-2): 3 x Sequential(
                (0): LeakyReLU(negative_slope=0.1)
                (1): Conv1d(64, 64, kernel_size=(3,), stride=(1,), padding=(1,))
              )
            )
          )
          (7): ResidualBlock(
            (convs1): ModuleList(
              (0): Sequential(
                (0): LeakyReLU(negative_slope=0.1)
                (1): Conv1d(64, 64, kernel_size=(7,), stride=(1,), padding=(3,))
              )
              (1): Sequential(
                (0): LeakyReLU(negative_slope=0.1)
                (1): Conv1d(64, 64, kernel_size=(7,), stride=(1,), padding=(9,), dilation=(3,))
              )
              (2): Sequential(
                (0): LeakyReLU(negative_slope=0.1)
                (1): Conv1d(64, 64, kernel_size=(7,), stride=(1,), padding=(15,), dilation=(5,))
              )
            )
            (convs2): ModuleList(
              (0-2): 3 x Sequential(
                (0): LeakyReLU(negative_slope=0.1)
                (1): Conv1d(64, 64, kernel_size=(7,), stride=(1,), padding=(3,))
              )
            )
          )
          (8): ResidualBlock(
            (convs1): ModuleList(
              (0): Sequential(
                (0): LeakyReLU(negative_slope=0.1)
                (1): Conv1d(64, 64, kernel_size=(11,), stride=(1,), padding=(5,))
              )
              (1): Sequential(
                (0): LeakyReLU(negative_slope=0.1)
                (1): Conv1d(64, 64, kernel_size=(11,), stride=(1,), padding=(15,), dilation=(3,))
              )
              (2): Sequential(
                (0): LeakyReLU(negative_slope=0.1)
                (1): Conv1d(64, 64, kernel_size=(11,), stride=(1,), padding=(25,), dilation=(5,))
              )
            )
            (convs2): ModuleList(
              (0-2): 3 x Sequential(
                (0): LeakyReLU(negative_slope=0.1)
                (1): Conv1d(64, 64, kernel_size=(11,), stride=(1,), padding=(5,))
              )
            )
          )
          (9): ResidualBlock(
            (convs1): ModuleList(
              (0): Sequential(
                (0): LeakyReLU(negative_slope=0.1)
                (1): Conv1d(32, 32, kernel_size=(3,), stride=(1,), padding=(1,))
              )
              (1): Sequential(
                (0): LeakyReLU(negative_slope=0.1)
                (1): Conv1d(32, 32, kernel_size=(3,), stride=(1,), padding=(3,), dilation=(3,))
              )
              (2): Sequential(
                (0): LeakyReLU(negative_slope=0.1)
                (1): Conv1d(32, 32, kernel_size=(3,), stride=(1,), padding=(5,), dilation=(5,))
              )
            )
            (convs2): ModuleList(
              (0-2): 3 x Sequential(
                (0): LeakyReLU(negative_slope=0.1)
                (1): Conv1d(32, 32, kernel_size=(3,), stride=(1,), padding=(1,))
              )
            )
          )
          (10): ResidualBlock(
            (convs1): ModuleList(
              (0): Sequential(
                (0): LeakyReLU(negative_slope=0.1)
                (1): Conv1d(32, 32, kernel_size=(7,), stride=(1,), padding=(3,))
              )
              (1): Sequential(
                (0): LeakyReLU(negative_slope=0.1)
                (1): Conv1d(32, 32, kernel_size=(7,), stride=(1,), padding=(9,), dilation=(3,))
              )
              (2): Sequential(
                (0): LeakyReLU(negative_slope=0.1)
                (1): Conv1d(32, 32, kernel_size=(7,), stride=(1,), padding=(15,), dilation=(5,))
              )
            )
            (convs2): ModuleList(
              (0-2): 3 x Sequential(
                (0): LeakyReLU(negative_slope=0.1)
                (1): Conv1d(32, 32, kernel_size=(7,), stride=(1,), padding=(3,))
              )
            )
          )
          (11): ResidualBlock(
            (convs1): ModuleList(
              (0): Sequential(
                (0): LeakyReLU(negative_slope=0.1)
                (1): Conv1d(32, 32, kernel_size=(11,), stride=(1,), padding=(5,))
              )
              (1): Sequential(
                (0): LeakyReLU(negative_slope=0.1)
                (1): Conv1d(32, 32, kernel_size=(11,), stride=(1,), padding=(15,), dilation=(3,))
              )
              (2): Sequential(
                (0): LeakyReLU(negative_slope=0.1)
                (1): Conv1d(32, 32, kernel_size=(11,), stride=(1,), padding=(25,), dilation=(5,))
              )
            )
            (convs2): ModuleList(
              (0-2): 3 x Sequential(
                (0): LeakyReLU(negative_slope=0.1)
                (1): Conv1d(32, 32, kernel_size=(11,), stride=(1,), padding=(5,))
              )
            )
          )
        )
        (output_conv): Sequential(
          (0): LeakyReLU(negative_slope=0.01)
          (1): Conv1d(32, 1, kernel_size=(7,), stride=(1,), padding=(3,))
          (2): Tanh()
        )
      )
    )
    (discriminator): HiFiGANMultiScaleMultiPeriodDiscriminator(
      (msd): HiFiGANMultiScaleDiscriminator(
        (discriminators): ModuleList(
          (0): HiFiGANScaleDiscriminator(
            (layers): ModuleList(
              (0): Sequential(
                (0): Conv1d(1, 128, kernel_size=(15,), stride=(1,), padding=(7,))
                (1): LeakyReLU(negative_slope=0.1)
              )
              (1): Sequential(
                (0): Conv1d(128, 128, kernel_size=(41,), stride=(2,), padding=(20,), groups=4)
                (1): LeakyReLU(negative_slope=0.1)
              )
              (2): Sequential(
                (0): Conv1d(128, 256, kernel_size=(41,), stride=(2,), padding=(20,), groups=16)
                (1): LeakyReLU(negative_slope=0.1)
              )
              (3): Sequential(
                (0): Conv1d(256, 512, kernel_size=(41,), stride=(4,), padding=(20,), groups=16)
                (1): LeakyReLU(negative_slope=0.1)
              )
              (4): Sequential(
                (0): Conv1d(512, 1024, kernel_size=(41,), stride=(4,), padding=(20,), groups=16)
                (1): LeakyReLU(negative_slope=0.1)
              )
              (5): Sequential(
                (0): Conv1d(1024, 1024, kernel_size=(41,), stride=(1,), padding=(20,), groups=16)
                (1): LeakyReLU(negative_slope=0.1)
              )
              (6): Sequential(
                (0): Conv1d(1024, 1024, kernel_size=(5,), stride=(1,), padding=(2,))
                (1): LeakyReLU(negative_slope=0.1)
              )
              (7): Conv1d(1024, 1, kernel_size=(3,), stride=(1,), padding=(1,))
            )
          )
        )
      )
      (mpd): HiFiGANMultiPeriodDiscriminator(
        (discriminators): ModuleList(
          (0-4): 5 x HiFiGANPeriodDiscriminator(
            (convs): ModuleList(
              (0): Sequential(
                (0): Conv2d(1, 32, kernel_size=(5, 1), stride=(3, 1), padding=(2, 0))
                (1): LeakyReLU(negative_slope=0.1)
              )
              (1): Sequential(
                (0): Conv2d(32, 128, kernel_size=(5, 1), stride=(3, 1), padding=(2, 0))
                (1): LeakyReLU(negative_slope=0.1)
              )
              (2): Sequential(
                (0): Conv2d(128, 512, kernel_size=(5, 1), stride=(3, 1), padding=(2, 0))
                (1): LeakyReLU(negative_slope=0.1)
              )
              (3): Sequential(
                (0): Conv2d(512, 1024, kernel_size=(5, 1), stride=(3, 1), padding=(2, 0))
                (1): LeakyReLU(negative_slope=0.1)
              )
              (4): Sequential(
                (0): Conv2d(1024, 1024, kernel_size=(5, 1), stride=(1, 1), padding=(2, 0))
                (1): LeakyReLU(negative_slope=0.1)
              )
            )
            (output_conv): Conv2d(1024, 1, kernel_size=(2, 1), stride=(1, 1), padding=(1, 0))
          )
        )
      )
    )
    (generator_adv_loss): GeneratorAdversarialLoss()
    (discriminator_adv_loss): DiscriminatorAdversarialLoss()
    (feat_match_loss): FeatureMatchLoss()
    (mel_loss): MelSpectrogramLoss(
      (wav_to_mel): LogMelFbank(
        (stft): Stft(n_fft=1024, win_length=1024, hop_length=256, center=True, normalized=False, onesided=True)
        (logmel): LogMel(sr=22050, n_fft=1024, n_mels=80, fmin=0, fmax=11025.0, htk=False)
      )
    )
    (var_loss): VarianceLoss(
      (mse_criterion): MSELoss()
      (duration_criterion): DurationPredictorLoss(
        (criterion): MSELoss()
      )
    )
    (forwardsum_loss): ForwardSumLoss()
  )
)

Model summary:
    Class Name: ESPnetGANTTSModel
    Total Number of model parameters: 83.68 M
    Number of trainable parameters: 83.68 M (100.0%)
    Size: 334.71 MB
    Type: torch.float32
Optimizer:
AdamW (
Parameter Group 0
    amsgrad: False
    betas: [0.8, 0.99]
    capturable: False
    differentiable: False
    eps: 1e-09
    foreach: None
    fused: None
    initial_lr: 0.0002
    lr: 0.0002
    maximize: False
    weight_decay: 0.0
)
Scheduler: <torch.optim.lr_scheduler.ExponentialLR object at 0x722865c16f10>
Optimizer2:
AdamW (
Parameter Group 0
    amsgrad: False
    betas: [0.8, 0.99]
    capturable: False
    differentiable: False
    eps: 1e-09
    foreach: None
    fused: None
    initial_lr: 0.0002
    lr: 0.0002
    maximize: False
    weight_decay: 0.0
)
Scheduler2: <torch.optim.lr_scheduler.ExponentialLR object at 0x722865c16a90>
Saving the configuration in exp/22.05k/tts_train_jets_22.05k_raw_phn_jaconv_pyopenjtalk_prosody/config.yaml
[train] Batch sampler: NumElementsBatchSampler(N-batch=353, batch_bins=2000000, sort_in_batch=descending, sort_batch=descending)
[train] mini-batch sizes summary: N-batch=353, mean=20.4, min=4, max=46
keys_to_load is not None, only loading 7194 keys from dump/22.05k/raw/tr_no_dev/text
[train] dataset:
ESPnetDataset(
  text: {"path": "dump/22.05k/raw/tr_no_dev/text", "type": "text"}
  speech: {"path": "dump/22.05k/raw/tr_no_dev/wav.scp", "type": "sound"}
  pitch: {"path": "exp/22.05k/tts_stats_raw_phn_jaconv_pyopenjtalk_prosody/train/collect_feats/pitch.scp", "type": "npy"}
  energy: {"path": "exp/22.05k/tts_stats_raw_phn_jaconv_pyopenjtalk_prosody/train/collect_feats/energy.scp", "type": "npy"}
  d0: {"path": "exp/22.05k/tts_stats_raw_phn_jaconv_pyopenjtalk_prosody/train/collect_feats/d0.scp", "type": "npy"}
  preprocess: <espnet2.train.preprocessor.CommonPreprocessor object at 0x722860519460>)
[valid] Batch sampler: NumElementsBatchSampler(N-batch=11, batch_bins=2000000, sort_in_batch=descending, sort_batch=descending)
[valid] mini-batch sizes summary: N-batch=11, mean=22.7, min=3, max=36
keys_to_load is not None, only loading 250 keys from dump/22.05k/raw/dev/text
[valid] dataset:
ESPnetDataset(
  text: {"path": "dump/22.05k/raw/dev/text", "type": "text"}
  speech: {"path": "dump/22.05k/raw/dev/wav.scp", "type": "sound"}
  pitch: {"path": "exp/22.05k/tts_stats_raw_phn_jaconv_pyopenjtalk_prosody/valid/collect_feats/pitch.scp", "type": "npy"}
  energy: {"path": "exp/22.05k/tts_stats_raw_phn_jaconv_pyopenjtalk_prosody/valid/collect_feats/energy.scp", "type": "npy"}
  d0: {"path": "exp/22.05k/tts_stats_raw_phn_jaconv_pyopenjtalk_prosody/valid/collect_feats/d0.scp", "type": "npy"}
  preprocess: <espnet2.train.preprocessor.CommonPreprocessor object at 0x72286c1a1b80>)
[plot_att] Batch sampler: UnsortedBatchSampler(N-batch=250, batch_size=1, key_file=exp/22.05k/tts_stats_raw_phn_jaconv_pyopenjtalk_prosody/valid/text_shape.phn, 
[plot_att] mini-batch sizes summary: N-batch=3, mean=1.0, min=1, max=1
keys_to_load is not None, only loading 3 keys from dump/22.05k/raw/dev/text
[plot_att] dataset:
ESPnetDataset(
  text: {"path": "dump/22.05k/raw/dev/text", "type": "text"}
  speech: {"path": "dump/22.05k/raw/dev/wav.scp", "type": "sound"}
  pitch: {"path": "exp/22.05k/tts_stats_raw_phn_jaconv_pyopenjtalk_prosody/valid/collect_feats/pitch.scp", "type": "npy"}
  energy: {"path": "exp/22.05k/tts_stats_raw_phn_jaconv_pyopenjtalk_prosody/valid/collect_feats/energy.scp", "type": "npy"}
  d0: {"path": "exp/22.05k/tts_stats_raw_phn_jaconv_pyopenjtalk_prosody/valid/collect_feats/d0.scp", "type": "npy"}
  preprocess: <espnet2.train.preprocessor.CommonPreprocessor object at 0x72286c1a1cd0>)
1/1000epoch started
/home/uesugi/espnet-for-customize-jets/espnet2/train/gan_trainer.py:174: FutureWarning: `torch.cuda.amp.autocast(args...)` is deprecated. Please use `torch.amp.autocast('cuda', args...)` instead.
  with autocast(scaler is not None):
/home/uesugi/espnet-for-customize-jets/espnet2/gan_tts/espnet_model.py:120: FutureWarning: `torch.cuda.amp.autocast(args...)` is deprecated. Please use `torch.amp.autocast('cuda', args...)` instead.
  with autocast(False):
Traceback (most recent call last):
  File "/home/uesugi/miniconda3/envs/espnet_custom/lib/python3.9/runpy.py", line 197, in _run_module_as_main
    return _run_code(code, main_globals, None,
  File "/home/uesugi/miniconda3/envs/espnet_custom/lib/python3.9/runpy.py", line 87, in _run_code
    exec(code, run_globals)
  File "/home/uesugi/espnet-for-customize-jets/espnet2/bin/gan_tts_train.py", line 22, in <module>
    main()
  File "/home/uesugi/espnet-for-customize-jets/espnet2/bin/gan_tts_train.py", line 18, in main
    GANTTSTask.main(cmd=cmd)
  File "/home/uesugi/espnet-for-customize-jets/espnet2/tasks/abs_task.py", line 1225, in main
    cls.main_worker(args)
  File "/home/uesugi/espnet-for-customize-jets/espnet2/tasks/abs_task.py", line 1581, in main_worker
    cls.trainer.run(
  File "/home/uesugi/espnet-for-customize-jets/espnet2/train/trainer.py", line 343, in run
    all_steps_are_invalid = cls.train_one_epoch(
  File "/home/uesugi/espnet-for-customize-jets/espnet2/train/gan_trainer.py", line 176, in train_one_epoch
    retval = model(forward_generator=turn == "generator", **batch)
  File "/home/uesugi/miniconda3/envs/espnet_custom/lib/python3.9/site-packages/torch/nn/modules/module.py", line 1736, in _wrapped_call_impl
    return self._call_impl(*args, **kwargs)
  File "/home/uesugi/miniconda3/envs/espnet_custom/lib/python3.9/site-packages/torch/nn/modules/module.py", line 1747, in _call_impl
    return forward_call(*args, **kwargs)
  File "/home/uesugi/espnet-for-customize-jets/espnet2/gan_tts/espnet_model.py", line 190, in forward
    return self.tts(**batch)
  File "/home/uesugi/miniconda3/envs/espnet_custom/lib/python3.9/site-packages/torch/nn/modules/module.py", line 1736, in _wrapped_call_impl
    return self._call_impl(*args, **kwargs)
  File "/home/uesugi/miniconda3/envs/espnet_custom/lib/python3.9/site-packages/torch/nn/modules/module.py", line 1747, in _call_impl
    return forward_call(*args, **kwargs)
  File "/home/uesugi/espnet-for-customize-jets/espnet2/gan_tts/jets/jets.py", line 361, in forward
    return self._forward_generator(
  File "/home/uesugi/espnet-for-customize-jets/espnet2/gan_tts/jets/jets.py", line 429, in _forward_generator
    outs = self.generator(
  File "/home/uesugi/miniconda3/envs/espnet_custom/lib/python3.9/site-packages/torch/nn/modules/module.py", line 1736, in _wrapped_call_impl
    return self._call_impl(*args, **kwargs)
  File "/home/uesugi/miniconda3/envs/espnet_custom/lib/python3.9/site-packages/torch/nn/modules/module.py", line 1747, in _call_impl
    return forward_call(*args, **kwargs)
  File "/home/uesugi/espnet-for-customize-jets/espnet2/gan_tts/jets/generator.py", line 635, in forward
    if self.stop_gradient_from_d0_predictor:
  File "/home/uesugi/miniconda3/envs/espnet_custom/lib/python3.9/site-packages/torch/nn/modules/module.py", line 1931, in __getattr__
    raise AttributeError(
AttributeError: 'JETSGenerator' object has no attribute 'stop_gradient_from_d0_predictor'
# Accounting: time=22 threads=1
# Ended (code 1) at Tue Jul  1 12:42:26 JST 2025, elapsed time 22 seconds

