nohup: ignoring input
2025-07-01T12:40:26 (tts.sh:225:main) ./tts.sh --lang jp --feats_type raw --fs 22050 --n_fft 1024 --n_shift 256 --token_type phn --cleaner jaconv --g2p pyopenjtalk_prosody --train_config conf/tuning/train_jets_22.05k.yaml --inference_config  --train_set tr_no_dev --valid_set dev --test_sets dev eval1 --srctexts data/tr_no_dev/text --audio_format flac --min_wav_duration 0.8 --tts_task gan_tts --write_collected_feats true --dumpdir dump/22.05k --expdir exp/22.05k --inference_model latest.pth --stage 7
2025-07-01T12:40:27 (tts.sh:740:main) Stage 7: TTS Training: train_set=dump/22.05k/raw/tr_no_dev, valid_set=dump/22.05k/raw/dev
2025-07-01T12:40:27 (tts.sh:938:main) Generate 'exp/22.05k/tts_train_jets_22.05k_raw_phn_jaconv_pyopenjtalk_prosody/run.sh'. You can resume the process from stage 7 using this script
2025-07-01T12:40:27 (tts.sh:943:main) TTS training started... log: 'exp/22.05k/tts_train_jets_22.05k_raw_phn_jaconv_pyopenjtalk_prosody/train.log'
2025-07-01 12:40:27,697 (launch:94) INFO: /home/uesugi/miniconda3/envs/espnet_custom/bin/python3 /home/uesugi/espnet-for-customize-jets/espnet2/bin/launch.py --cmd 'run.pl --name exp/22.05k/tts_train_jets_22.05k_raw_phn_jaconv_pyopenjtalk_prosody/train.log' --log exp/22.05k/tts_train_jets_22.05k_raw_phn_jaconv_pyopenjtalk_prosody/train.log --ngpu 1 --num_nodes 1 --init_file_prefix exp/22.05k/tts_train_jets_22.05k_raw_phn_jaconv_pyopenjtalk_prosody/.dist_init_ --multiprocessing_distributed true -- python3 -m espnet2.bin.gan_tts_train --use_preprocessor true --token_type phn --token_list dump/22.05k/token_list/phn_jaconv_pyopenjtalk_prosody/tokens.txt --non_linguistic_symbols none --cleaner jaconv --g2p pyopenjtalk_prosody --normalize global_mvn --resume true --fold_length 150 --fold_length 204800 --output_dir exp/22.05k/tts_train_jets_22.05k_raw_phn_jaconv_pyopenjtalk_prosody --config conf/tuning/train_jets_22.05k.yaml --feats_extract fbank --feats_extract_conf n_fft=1024 --feats_extract_conf hop_length=256 --feats_extract_conf win_length=null --feats_extract_conf fs=22050 --feats_extract_conf fmin=80 --feats_extract_conf fmax=7600 --feats_extract_conf n_mels=80 --train_data_path_and_name_and_type dump/22.05k/raw/tr_no_dev/text,text,text --train_data_path_and_name_and_type dump/22.05k/raw/tr_no_dev/wav.scp,speech,sound --train_shape_file exp/22.05k/tts_stats_raw_phn_jaconv_pyopenjtalk_prosody/train/text_shape.phn --train_shape_file exp/22.05k/tts_stats_raw_phn_jaconv_pyopenjtalk_prosody/train/speech_shape --valid_data_path_and_name_and_type dump/22.05k/raw/dev/text,text,text --valid_data_path_and_name_and_type dump/22.05k/raw/dev/wav.scp,speech,sound --valid_shape_file exp/22.05k/tts_stats_raw_phn_jaconv_pyopenjtalk_prosody/valid/text_shape.phn --valid_shape_file exp/22.05k/tts_stats_raw_phn_jaconv_pyopenjtalk_prosody/valid/speech_shape --train_data_path_and_name_and_type exp/22.05k/tts_stats_raw_phn_jaconv_pyopenjtalk_prosody/train/collect_feats/pitch.scp,pitch,npy --valid_data_path_and_name_and_type exp/22.05k/tts_stats_raw_phn_jaconv_pyopenjtalk_prosody/valid/collect_feats/pitch.scp,pitch,npy --train_data_path_and_name_and_type exp/22.05k/tts_stats_raw_phn_jaconv_pyopenjtalk_prosody/train/collect_feats/energy.scp,energy,npy --valid_data_path_and_name_and_type exp/22.05k/tts_stats_raw_phn_jaconv_pyopenjtalk_prosody/valid/collect_feats/energy.scp,energy,npy --train_data_path_and_name_and_type exp/22.05k/tts_stats_raw_phn_jaconv_pyopenjtalk_prosody/train/collect_feats/d0.scp,d0,npy --valid_data_path_and_name_and_type exp/22.05k/tts_stats_raw_phn_jaconv_pyopenjtalk_prosody/valid/collect_feats/d0.scp,d0,npy --pitch_extract_conf fs=22050 --pitch_extract_conf n_fft=1024 --pitch_extract_conf hop_length=256 --pitch_extract_conf f0max=400 --pitch_extract_conf f0min=80 --pitch_normalize_conf stats_file=exp/22.05k/tts_stats_raw_phn_jaconv_pyopenjtalk_prosody/train/pitch_stats.npz --energy_extract_conf fs=22050 --energy_extract_conf n_fft=1024 --energy_extract_conf hop_length=256 --energy_extract_conf win_length=null --energy_normalize_conf stats_file=exp/22.05k/tts_stats_raw_phn_jaconv_pyopenjtalk_prosody/train/energy_stats.npz --d0_extract_conf fs=22050 --d0_extract_conf n_fft=1024 --d0_extract_conf hop_length=256 --d0_extract_conf win_length=null --d0_extract_conf n_mels=80 --d0_normalize_conf stats_file=exp/22.05k/tts_stats_raw_phn_jaconv_pyopenjtalk_prosody/train/d0_stats.npz --normalize_conf stats_file=exp/22.05k/tts_stats_raw_phn_jaconv_pyopenjtalk_prosody/train/feats_stats.npz
2025-07-01 12:40:27,959 (launch:348) INFO: log file: exp/22.05k/tts_train_jets_22.05k_raw_phn_jaconv_pyopenjtalk_prosody/train.log
run.pl: job failed, log is in exp/22.05k/tts_train_jets_22.05k_raw_phn_jaconv_pyopenjtalk_prosody/train.log
Command '['run.pl', '--name', 'exp/22.05k/tts_train_jets_22.05k_raw_phn_jaconv_pyopenjtalk_prosody/train.log', '--gpu', '1', 'exp/22.05k/tts_train_jets_22.05k_raw_phn_jaconv_pyopenjtalk_prosody/train.log', 'python3', '-m', 'espnet2.bin.gan_tts_train', '--use_preprocessor', 'true', '--token_type', 'phn', '--token_list', 'dump/22.05k/token_list/phn_jaconv_pyopenjtalk_prosody/tokens.txt', '--non_linguistic_symbols', 'none', '--cleaner', 'jaconv', '--g2p', 'pyopenjtalk_prosody', '--normalize', 'global_mvn', '--resume', 'true', '--fold_length', '150', '--fold_length', '204800', '--output_dir', 'exp/22.05k/tts_train_jets_22.05k_raw_phn_jaconv_pyopenjtalk_prosody', '--config', 'conf/tuning/train_jets_22.05k.yaml', '--feats_extract', 'fbank', '--feats_extract_conf', 'n_fft=1024', '--feats_extract_conf', 'hop_length=256', '--feats_extract_conf', 'win_length=null', '--feats_extract_conf', 'fs=22050', '--feats_extract_conf', 'fmin=80', '--feats_extract_conf', 'fmax=7600', '--feats_extract_conf', 'n_mels=80', '--train_data_path_and_name_and_type', 'dump/22.05k/raw/tr_no_dev/text,text,text', '--train_data_path_and_name_and_type', 'dump/22.05k/raw/tr_no_dev/wav.scp,speech,sound', '--train_shape_file', 'exp/22.05k/tts_stats_raw_phn_jaconv_pyopenjtalk_prosody/train/text_shape.phn', '--train_shape_file', 'exp/22.05k/tts_stats_raw_phn_jaconv_pyopenjtalk_prosody/train/speech_shape', '--valid_data_path_and_name_and_type', 'dump/22.05k/raw/dev/text,text,text', '--valid_data_path_and_name_and_type', 'dump/22.05k/raw/dev/wav.scp,speech,sound', '--valid_shape_file', 'exp/22.05k/tts_stats_raw_phn_jaconv_pyopenjtalk_prosody/valid/text_shape.phn', '--valid_shape_file', 'exp/22.05k/tts_stats_raw_phn_jaconv_pyopenjtalk_prosody/valid/speech_shape', '--train_data_path_and_name_and_type', 'exp/22.05k/tts_stats_raw_phn_jaconv_pyopenjtalk_prosody/train/collect_feats/pitch.scp,pitch,npy', '--valid_data_path_and_name_and_type', 'exp/22.05k/tts_stats_raw_phn_jaconv_pyopenjtalk_prosody/valid/collect_feats/pitch.scp,pitch,npy', '--train_data_path_and_name_and_type', 'exp/22.05k/tts_stats_raw_phn_jaconv_pyopenjtalk_prosody/train/collect_feats/energy.scp,energy,npy', '--valid_data_path_and_name_and_type', 'exp/22.05k/tts_stats_raw_phn_jaconv_pyopenjtalk_prosody/valid/collect_feats/energy.scp,energy,npy', '--train_data_path_and_name_and_type', 'exp/22.05k/tts_stats_raw_phn_jaconv_pyopenjtalk_prosody/train/collect_feats/d0.scp,d0,npy', '--valid_data_path_and_name_and_type', 'exp/22.05k/tts_stats_raw_phn_jaconv_pyopenjtalk_prosody/valid/collect_feats/d0.scp,d0,npy', '--pitch_extract_conf', 'fs=22050', '--pitch_extract_conf', 'n_fft=1024', '--pitch_extract_conf', 'hop_length=256', '--pitch_extract_conf', 'f0max=400', '--pitch_extract_conf', 'f0min=80', '--pitch_normalize_conf', 'stats_file=exp/22.05k/tts_stats_raw_phn_jaconv_pyopenjtalk_prosody/train/pitch_stats.npz', '--energy_extract_conf', 'fs=22050', '--energy_extract_conf', 'n_fft=1024', '--energy_extract_conf', 'hop_length=256', '--energy_extract_conf', 'win_length=null', '--energy_normalize_conf', 'stats_file=exp/22.05k/tts_stats_raw_phn_jaconv_pyopenjtalk_prosody/train/energy_stats.npz', '--d0_extract_conf', 'fs=22050', '--d0_extract_conf', 'n_fft=1024', '--d0_extract_conf', 'hop_length=256', '--d0_extract_conf', 'win_length=null', '--d0_extract_conf', 'n_mels=80', '--d0_normalize_conf', 'stats_file=exp/22.05k/tts_stats_raw_phn_jaconv_pyopenjtalk_prosody/train/d0_stats.npz', '--normalize_conf', 'stats_file=exp/22.05k/tts_stats_raw_phn_jaconv_pyopenjtalk_prosody/train/feats_stats.npz', '--ngpu', '1', '--multiprocessing_distributed', 'True']' returned non-zero exit status 1.
Traceback (most recent call last):
  File "/home/uesugi/miniconda3/envs/espnet_custom/lib/python3.9/runpy.py", line 197, in _run_module_as_main
    return _run_code(code, main_globals, None,
  File "/home/uesugi/miniconda3/envs/espnet_custom/lib/python3.9/runpy.py", line 87, in _run_code
    exec(code, run_globals)
  File "/home/uesugi/espnet-for-customize-jets/espnet2/bin/launch.py", line 384, in <module>
    main()
  File "/home/uesugi/espnet-for-customize-jets/espnet2/bin/launch.py", line 375, in main
    raise RuntimeError(
RuntimeError: 
################### The last 1000 lines of exp/22.05k/tts_train_jets_22.05k_raw_phn_jaconv_pyopenjtalk_prosody/train.log ###################
# python3 -m espnet2.bin.gan_tts_train --use_preprocessor true --token_type phn --token_list dump/22.05k/token_list/phn_jaconv_pyopenjtalk_prosody/tokens.txt --non_linguistic_symbols none --cleaner jaconv --g2p pyopenjtalk_prosody --normalize global_mvn --resume true --fold_length 150 --fold_length 204800 --output_dir exp/22.05k/tts_train_jets_22.05k_raw_phn_jaconv_pyopenjtalk_prosody --config conf/tuning/train_jets_22.05k.yaml --feats_extract fbank --feats_extract_conf n_fft=1024 --feats_extract_conf hop_length=256 --feats_extract_conf win_length=null --feats_extract_conf fs=22050 --feats_extract_conf fmin=80 --feats_extract_conf fmax=7600 --feats_extract_conf n_mels=80 --train_data_path_and_name_and_type dump/22.05k/raw/tr_no_dev/text,text,text --train_data_path_and_name_and_type dump/22.05k/raw/tr_no_dev/wav.scp,speech,sound --train_shape_file exp/22.05k/tts_stats_raw_phn_jaconv_pyopenjtalk_prosody/train/text_shape.phn --train_shape_file exp/22.05k/tts_stats_raw_phn_jaconv_pyopenjtalk_prosody/train/speech_shape --valid_data_path_and_name_and_type dump/22.05k/raw/dev/text,text,text --valid_data_path_and_name_and_type dump/22.05k/raw/dev/wav.scp,speech,sound --valid_shape_file exp/22.05k/tts_stats_raw_phn_jaconv_pyopenjtalk_prosody/valid/text_shape.phn --valid_shape_file exp/22.05k/tts_stats_raw_phn_jaconv_pyopenjtalk_prosody/valid/speech_shape --train_data_path_and_name_and_type exp/22.05k/tts_stats_raw_phn_jaconv_pyopenjtalk_prosody/train/collect_feats/pitch.scp,pitch,npy --valid_data_path_and_name_and_type exp/22.05k/tts_stats_raw_phn_jaconv_pyopenjtalk_prosody/valid/collect_feats/pitch.scp,pitch,npy --train_data_path_and_name_and_type exp/22.05k/tts_stats_raw_phn_jaconv_pyopenjtalk_prosody/train/collect_feats/energy.scp,energy,npy --valid_data_path_and_name_and_type exp/22.05k/tts_stats_raw_phn_jaconv_pyopenjtalk_prosody/valid/collect_feats/energy.scp,energy,npy --train_data_path_and_name_and_type exp/22.05k/tts_stats_raw_phn_jaconv_pyopenjtalk_prosody/train/collect_feats/d0.scp,d0,npy --valid_data_path_and_name_and_type exp/22.05k/tts_stats_raw_phn_jaconv_pyopenjtalk_prosody/valid/collect_feats/d0.scp,d0,npy --pitch_extract_conf fs=22050 --pitch_extract_conf n_fft=1024 --pitch_extract_conf hop_length=256 --pitch_extract_conf f0max=400 --pitch_extract_conf f0min=80 --pitch_normalize_conf stats_file=exp/22.05k/tts_stats_raw_phn_jaconv_pyopenjtalk_prosody/train/pitch_stats.npz --energy_extract_conf fs=22050 --energy_extract_conf n_fft=1024 --energy_extract_conf hop_length=256 --energy_extract_conf win_length=null --energy_normalize_conf stats_file=exp/22.05k/tts_stats_raw_phn_jaconv_pyopenjtalk_prosody/train/energy_stats.npz --d0_extract_conf fs=22050 --d0_extract_conf n_fft=1024 --d0_extract_conf hop_length=256 --d0_extract_conf win_length=null --d0_extract_conf n_mels=80 --d0_normalize_conf stats_file=exp/22.05k/tts_stats_raw_phn_jaconv_pyopenjtalk_prosody/train/d0_stats.npz --normalize_conf stats_file=exp/22.05k/tts_stats_raw_phn_jaconv_pyopenjtalk_prosody/train/feats_stats.npz --ngpu 1 --multiprocessing_distributed True 
# Started at Tue Jul  1 12:40:28 JST 2025
#
/home/uesugi/miniconda3/envs/espnet_custom/bin/python3 /home/uesugi/espnet-for-customize-jets/espnet2/bin/gan_tts_train.py --use_preprocessor true --token_type phn --token_list dump/22.05k/token_list/phn_jaconv_pyopenjtalk_prosody/tokens.txt --non_linguistic_symbols none --cleaner jaconv --g2p pyopenjtalk_prosody --normalize global_mvn --resume true --fold_length 150 --fold_length 204800 --output_dir exp/22.05k/tts_train_jets_22.05k_raw_phn_jaconv_pyopenjtalk_prosody --config conf/tuning/train_jets_22.05k.yaml --feats_extract fbank --feats_extract_conf n_fft=1024 --feats_extract_conf hop_length=256 --feats_extract_conf win_length=null --feats_extract_conf fs=22050 --feats_extract_conf fmin=80 --feats_extract_conf fmax=7600 --feats_extract_conf n_mels=80 --train_data_path_and_name_and_type dump/22.05k/raw/tr_no_dev/text,text,text --train_data_path_and_name_and_type dump/22.05k/raw/tr_no_dev/wav.scp,speech,sound --train_shape_file exp/22.05k/tts_stats_raw_phn_jaconv_pyopenjtalk_prosody/train/text_shape.phn --train_shape_file exp/22.05k/tts_stats_raw_phn_jaconv_pyopenjtalk_prosody/train/speech_shape --valid_data_path_and_name_and_type dump/22.05k/raw/dev/text,text,text --valid_data_path_and_name_and_type dump/22.05k/raw/dev/wav.scp,speech,sound --valid_shape_file exp/22.05k/tts_stats_raw_phn_jaconv_pyopenjtalk_prosody/valid/text_shape.phn --valid_shape_file exp/22.05k/tts_stats_raw_phn_jaconv_pyopenjtalk_prosody/valid/speech_shape --train_data_path_and_name_and_type exp/22.05k/tts_stats_raw_phn_jaconv_pyopenjtalk_prosody/train/collect_feats/pitch.scp,pitch,npy --valid_data_path_and_name_and_type exp/22.05k/tts_stats_raw_phn_jaconv_pyopenjtalk_prosody/valid/collect_feats/pitch.scp,pitch,npy --train_data_path_and_name_and_type exp/22.05k/tts_stats_raw_phn_jaconv_pyopenjtalk_prosody/train/collect_feats/energy.scp,energy,npy --valid_data_path_and_name_and_type exp/22.05k/tts_stats_raw_phn_jaconv_pyopenjtalk_prosody/valid/collect_feats/energy.scp,energy,npy --train_data_path_and_name_and_type exp/22.05k/tts_stats_raw_phn_jaconv_pyopenjtalk_prosody/train/collect_feats/d0.scp,d0,npy --valid_data_path_and_name_and_type exp/22.05k/tts_stats_raw_phn_jaconv_pyopenjtalk_prosody/valid/collect_feats/d0.scp,d0,npy --pitch_extract_conf fs=22050 --pitch_extract_conf n_fft=1024 --pitch_extract_conf hop_length=256 --pitch_extract_conf f0max=400 --pitch_extract_conf f0min=80 --pitch_normalize_conf stats_file=exp/22.05k/tts_stats_raw_phn_jaconv_pyopenjtalk_prosody/train/pitch_stats.npz --energy_extract_conf fs=22050 --energy_extract_conf n_fft=1024 --energy_extract_conf hop_length=256 --energy_extract_conf win_length=null --energy_normalize_conf stats_file=exp/22.05k/tts_stats_raw_phn_jaconv_pyopenjtalk_prosody/train/energy_stats.npz --d0_extract_conf fs=22050 --d0_extract_conf n_fft=1024 --d0_extract_conf hop_length=256 --d0_extract_conf win_length=null --d0_extract_conf n_mels=80 --d0_normalize_conf stats_file=exp/22.05k/tts_stats_raw_phn_jaconv_pyopenjtalk_prosody/train/d0_stats.npz --normalize_conf stats_file=exp/22.05k/tts_stats_raw_phn_jaconv_pyopenjtalk_prosody/train/feats_stats.npz --ngpu 1 --multiprocessing_distributed True
Failed to import Flash Attention, using ESPnet default: libcudart.so.12: cannot open shared object file: No such file or directory
Vocabulary size: 47
encoder self-attention layer type = self-attention
encoder self-attention layer type = self-attention
/home/uesugi/miniconda3/envs/espnet_custom/lib/python3.9/site-packages/torch/nn/utils/weight_norm.py:143: FutureWarning: `torch.nn.utils.weight_norm` is deprecated in favor of `torch.nn.utils.parametrizations.weight_norm`.
  WeightNorm.apply(module, name, dim)
Initialize encoder.encoders.0.self_attn.linear_q.bias to zeros
Initialize encoder.encoders.0.self_attn.linear_k.bias to zeros
Initialize encoder.encoders.0.self_attn.linear_v.bias to zeros
Initialize encoder.encoders.0.self_attn.linear_out.bias to zeros
Initialize encoder.encoders.0.feed_forward.w_1.bias to zeros
Initialize encoder.encoders.0.feed_forward.w_2.bias to zeros
Initialize encoder.encoders.0.norm1.bias to zeros
Initialize encoder.encoders.0.norm2.bias to zeros
Initialize encoder.encoders.1.self_attn.linear_q.bias to zeros
Initialize encoder.encoders.1.self_attn.linear_k.bias to zeros
Initialize encoder.encoders.1.self_attn.linear_v.bias to zeros
Initialize encoder.encoders.1.self_attn.linear_out.bias to zeros
Initialize encoder.encoders.1.feed_forward.w_1.bias to zeros
Initialize encoder.encoders.1.feed_forward.w_2.bias to zeros
Initialize encoder.encoders.1.norm1.bias to zeros
Initialize encoder.encoders.1.norm2.bias to zeros
Initialize encoder.encoders.2.self_attn.linear_q.bias to zeros
Initialize encoder.encoders.2.self_attn.linear_k.bias to zeros
Initialize encoder.encoders.2.self_attn.linear_v.bias to zeros
Initialize encoder.encoders.2.self_attn.linear_out.bias to zeros
Initialize encoder.encoders.2.feed_forward.w_1.bias to zeros
Initialize encoder.encoders.2.feed_forward.w_2.bias to zeros
Initialize encoder.encoders.2.norm1.bias to zeros
Initialize encoder.encoders.2.norm2.bias to zeros
Initialize encoder.encoders.3.self_attn.linear_q.bias to zeros
Initialize encoder.encoders.3.self_attn.linear_k.bias to zeros
Initialize encoder.encoders.3.self_attn.linear_v.bias to zeros
Initialize encoder.encoders.3.self_attn.linear_out.bias to zeros
Initialize encoder.encoders.3.feed_forward.w_1.bias to zeros
Initialize encoder.encoders.3.feed_forward.w_2.bias to zeros
Initialize encoder.encoders.3.norm1.bias to zeros
Initialize encoder.encoders.3.norm2.bias to zeros
Initialize encoder.after_norm.bias to zeros
Initialize duration_predictor.conv.0.0.bias to zeros
Initialize duration_predictor.conv.0.2.bias to zeros
Initialize duration_predictor.conv.1.0.bias to zeros
Initialize duration_predictor.conv.1.2.bias to zeros
Initialize duration_predictor.linear.bias to zeros
Initialize pitch_predictor.conv.0.0.bias to zeros
Initialize pitch_predictor.conv.0.2.bias to zeros
Initialize pitch_predictor.conv.1.0.bias to zeros
Initialize pitch_predictor.conv.1.2.bias to zeros
Initialize pitch_predictor.conv.2.0.bias to zeros
Initialize pitch_predictor.conv.2.2.bias to zeros
Initialize pitch_predictor.conv.3.0.bias to zeros
Initialize pitch_predictor.conv.3.2.bias to zeros
Initialize pitch_predictor.conv.4.0.bias to zeros
Initialize pitch_predictor.conv.4.2.bias to zeros
Initialize pitch_predictor.linear.bias to zeros
Initialize pitch_embed.0.bias to zeros
Initialize energy_predictor.conv.0.0.bias to zeros
Initialize energy_predictor.conv.0.2.bias to zeros
Initialize energy_predictor.conv.1.0.bias to zeros
Initialize energy_predictor.conv.1.2.bias to zeros
Initialize energy_predictor.linear.bias to zeros
Initialize energy_embed.0.bias to zeros
Initialize d0_predictor.conv.0.0.bias to zeros
Initialize d0_predictor.conv.0.2.bias to zeros
Initialize d0_predictor.conv.1.0.bias to zeros
Initialize d0_predictor.conv.1.2.bias to zeros
Initialize d0_predictor.linear.bias to zeros
Initialize d0_embed.0.bias to zeros
Initialize alignment_module.t_conv1.bias to zeros
Initialize alignment_module.t_conv2.bias to zeros
Initialize alignment_module.f_conv1.bias to zeros
Initialize alignment_module.f_conv2.bias to zeros
Initialize alignment_module.f_conv3.bias to zeros
Initialize decoder.encoders.0.self_attn.linear_q.bias to zeros
Initialize decoder.encoders.0.self_attn.linear_k.bias to zeros
Initialize decoder.encoders.0.self_attn.linear_v.bias to zeros
Initialize decoder.encoders.0.self_attn.linear_out.bias to zeros
Initialize decoder.encoders.0.feed_forward.w_1.bias to zeros
Initialize decoder.encoders.0.feed_forward.w_2.bias to zeros
Initialize decoder.encoders.0.norm1.bias to zeros
Initialize decoder.encoders.0.norm2.bias to zeros
Initialize decoder.encoders.1.self_attn.linear_q.bias to zeros
Initialize decoder.encoders.1.self_attn.linear_k.bias to zeros
Initialize decoder.encoders.1.self_attn.linear_v.bias to zeros
Initialize decoder.encoders.1.self_attn.linear_out.bias to zeros
Initialize decoder.encoders.1.feed_forward.w_1.bias to zeros
Initialize decoder.encoders.1.feed_forward.w_2.bias to zeros
Initialize decoder.encoders.1.norm1.bias to zeros
Initialize decoder.encoders.1.norm2.bias to zeros
Initialize decoder.encoders.2.self_attn.linear_q.bias to zeros
Initialize decoder.encoders.2.self_attn.linear_k.bias to zeros
Initialize decoder.encoders.2.self_attn.linear_v.bias to zeros
Initialize decoder.encoders.2.self_attn.linear_out.bias to zeros
Initialize decoder.encoders.2.feed_forward.w_1.bias to zeros
Initialize decoder.encoders.2.feed_forward.w_2.bias to zeros
Initialize decoder.encoders.2.norm1.bias to zeros
Initialize decoder.encoders.2.norm2.bias to zeros
Initialize decoder.encoders.3.self_attn.linear_q.bias to zeros
Initialize decoder.encoders.3.self_attn.linear_k.bias to zeros
Initialize decoder.encoders.3.self_attn.linear_v.bias to zeros
Initialize decoder.encoders.3.self_attn.linear_out.bias to zeros
Initialize decoder.encoders.3.feed_forward.w_1.bias to zeros
Initialize decoder.encoders.3.feed_forward.w_2.bias to zeros
Initialize decoder.encoders.3.norm1.bias to zeros
Initialize decoder.encoders.3.norm2.bias to zeros
Initialize decoder.after_norm.bias to zeros
Initialize generator.input_conv.bias to zeros
Initialize generator.upsamples.0.1.bias to zeros
Initialize generator.upsamples.1.1.bias to zeros
Initialize generator.upsamples.2.1.bias to zeros
Initialize generator.upsamples.3.1.bias to zeros
Initialize generator.blocks.0.convs1.0.1.bias to zeros
Initialize generator.blocks.0.convs1.1.1.bias to zeros
Initialize generator.blocks.0.convs1.2.1.bias to zeros
Initialize generator.blocks.0.convs2.0.1.bias to zeros
Initialize generator.blocks.0.convs2.1.1.bias to zeros
Initialize generator.blocks.0.convs2.2.1.bias to zeros
Initialize generator.blocks.1.convs1.0.1.bias to zeros
Initialize generator.blocks.1.convs1.1.1.bias to zeros
Initialize generator.blocks.1.convs1.2.1.bias to zeros
Initialize generator.blocks.1.convs2.0.1.bias to zeros
Initialize generator.blocks.1.convs2.1.1.bias to zeros
Initialize generator.blocks.1.convs2.2.1.bias to zeros
Initialize generator.blocks.2.convs1.0.1.bias to zeros
Initialize generator.blocks.2.convs1.1.1.bias to zeros
Initialize generator.blocks.2.convs1.2.1.bias to zeros
Initialize generator.blocks.2.convs2.0.1.bias to zeros
Initialize generator.blocks.2.convs2.1.1.bias to zeros
Initialize generator.blocks.2.convs2.2.1.bias to zeros
Initialize generator.blocks.3.convs1.0.1.bias to zeros
Initialize generator.blocks.3.convs1.1.1.bias to zeros
Initialize generator.blocks.3.convs1.2.1.bias to zeros
Initialize generator.blocks.3.convs2.0.1.bias to zeros
Initialize generator.blocks.3.convs2.1.1.bias to zeros
Initialize generator.blocks.3.convs2.2.1.bias to zeros
Initialize generator.blocks.4.convs1.0.1.bias to zeros
Initialize generator.blocks.4.convs1.1.1.bias to zeros
Initialize generator.blocks.4.convs1.2.1.bias to zeros
Initialize generator.blocks.4.convs2.0.1.bias to zeros
Initialize generator.blocks.4.convs2.1.1.bias to zeros
Initialize generator.blocks.4.convs2.2.1.bias to zeros
Initialize generator.blocks.5.convs1.0.1.bias to zeros
Initialize generator.blocks.5.convs1.1.1.bias to zeros
Initialize generator.blocks.5.convs1.2.1.bias to zeros
Initialize generator.blocks.5.convs2.0.1.bias to zeros
Initialize generator.blocks.5.convs2.1.1.bias to zeros
Initialize generator.blocks.5.convs2.2.1.bias to zeros
Initialize generator.blocks.6.convs1.0.1.bias to zeros
Initialize generator.blocks.6.convs1.1.1.bias to zeros
Initialize generator.blocks.6.convs1.2.1.bias to zeros
Initialize generator.blocks.6.convs2.0.1.bias to zeros
Initialize generator.blocks.6.convs2.1.1.bias to zeros
Initialize generator.blocks.6.convs2.2.1.bias to zeros
Initialize generator.blocks.7.convs1.0.1.bias to zeros
Initialize generator.blocks.7.convs1.1.1.bias to zeros
Initialize generator.blocks.7.convs1.2.1.bias to zeros
Initialize generator.blocks.7.convs2.0.1.bias to zeros
Initialize generator.blocks.7.convs2.1.1.bias to zeros
Initialize generator.blocks.7.convs2.2.1.bias to zeros
Initialize generator.blocks.8.convs1.0.1.bias to zeros
Initialize generator.blocks.8.convs1.1.1.bias to zeros
Initialize generator.blocks.8.convs1.2.1.bias to zeros
Initialize generator.blocks.8.convs2.0.1.bias to zeros
Initialize generator.blocks.8.convs2.1.1.bias to zeros
Initialize generator.blocks.8.convs2.2.1.bias to zeros
Initialize generator.blocks.9.convs1.0.1.bias to zeros
Initialize generator.blocks.9.convs1.1.1.bias to zeros
Initialize generator.blocks.9.convs1.2.1.bias to zeros
Initialize generator.blocks.9.convs2.0.1.bias to zeros
Initialize generator.blocks.9.convs2.1.1.bias to zeros
Initialize generator.blocks.9.convs2.2.1.bias to zeros
Initialize generator.blocks.10.convs1.0.1.bias to zeros
Initialize generator.blocks.10.convs1.1.1.bias to zeros
Initialize generator.blocks.10.convs1.2.1.bias to zeros
Initialize generator.blocks.10.convs2.0.1.bias to zeros
Initialize generator.blocks.10.convs2.1.1.bias to zeros
Initialize generator.blocks.10.convs2.2.1.bias to zeros
Initialize generator.blocks.11.convs1.0.1.bias to zeros
Initialize generator.blocks.11.convs1.1.1.bias to zeros
Initialize generator.blocks.11.convs1.2.1.bias to zeros
Initialize generator.blocks.11.convs2.0.1.bias to zeros
Initialize generator.blocks.11.convs2.1.1.bias to zeros
Initialize generator.blocks.11.convs2.2.1.bias to zeros
Initialize generator.output_conv.1.bias to zeros
Traceback (most recent call last):
  File "/home/uesugi/miniconda3/envs/espnet_custom/lib/python3.9/runpy.py", line 197, in _run_module_as_main
    return _run_code(code, main_globals, None,
  File "/home/uesugi/miniconda3/envs/espnet_custom/lib/python3.9/runpy.py", line 87, in _run_code
    exec(code, run_globals)
  File "/home/uesugi/espnet-for-customize-jets/espnet2/bin/gan_tts_train.py", line 22, in <module>
    main()
  File "/home/uesugi/espnet-for-customize-jets/espnet2/bin/gan_tts_train.py", line 18, in main
    GANTTSTask.main(cmd=cmd)
  File "/home/uesugi/espnet-for-customize-jets/espnet2/tasks/abs_task.py", line 1225, in main
    cls.main_worker(args)
  File "/home/uesugi/espnet-for-customize-jets/espnet2/tasks/abs_task.py", line 1357, in main_worker
    model = cls.build_model(args=args)
  File "/home/uesugi/espnet-for-customize-jets/espnet2/tasks/gan_tts.py", line 386, in build_model
    d0_extract = d0_extract_class(
TypeError: __init__() got an unexpected keyword argument 'n_mels'
# Accounting: time=9 threads=1
# Ended (code 1) at Tue Jul  1 12:40:37 JST 2025, elapsed time 9 seconds

