nohup: ignoring input
2025-07-01T00:15:34 (tts.sh:225:main) ./tts.sh --lang jp --feats_type raw --fs 22050 --n_fft 1024 --n_shift 256 --token_type phn --cleaner jaconv --g2p pyopenjtalk_prosody --train_config conf/tuning/train_jets_22.05k.yaml --inference_config  --train_set tr_no_dev --valid_set dev --test_sets dev eval1 --srctexts data/tr_no_dev/text --audio_format flac --min_wav_duration 0.8 --tts_task gan_tts --write_collected_feats true --dumpdir dump/22.05k --expdir exp/22.05k --inference_model latest.pth
2025-07-01T00:15:43 (tts.sh:321:main) Stage 1: Data preparation for data/tr_no_dev, data/dev, etc.
2025-07-01T00:15:45 (data.sh:16:main) local/data.sh 
2025-07-01T00:15:51 (data.sh:39:main) stage -1: Data Download
Already exists. Skipped.
Already exists. Skipped.
2025-07-01T00:15:59 (data.sh:44:main) stage 0: local/data_prep.sh
finished making wav.scp, utt2spk, spk2utt.
finished making text.
2025-07-01T00:45:09 (data.sh:52:main) stage 1: local/prep_segments.py
utils/validate_data_dir.sh: WARNING: you have only one speaker.  This probably a bad idea.
   Search for the word 'bold' in http://kaldi-asr.org/doc/data_prep.html
   for more information.
utils/validate_data_dir.sh: Successfully validated data-directory data/train
2025-07-01T00:45:31 (data.sh:58:main) stage 2: utils/subset_data_dir.sh
utils/subset_data_dir.sh: reducing #utt from 7696 to 500
utils/subset_data_dir.sh: reducing #utt from 500 to 250
utils/subset_data_dir.sh: reducing #utt from 500 to 250
utils/subset_data_dir.sh: reducing #utt from 7696 to 7196
2025-07-01T00:45:36 (data.sh:67:main) Successfully finished. [elapsed=1793s]
2025-07-01T00:45:36 (tts.sh:337:main) Stage 2: Format wav.scp: data/ -> dump/22.05k/raw/
utils/copy_data_dir.sh: copied data from data/tr_no_dev to dump/22.05k/raw/org/tr_no_dev
utils/validate_data_dir.sh: WARNING: you have only one speaker.  This probably a bad idea.
   Search for the word 'bold' in http://kaldi-asr.org/doc/data_prep.html
   for more information.
utils/validate_data_dir.sh: Successfully validated data-directory dump/22.05k/raw/org/tr_no_dev
2025-07-01T00:45:39 (format_wav_scp.sh:46:main) scripts/audio/format_wav_scp.sh --nj 32 --cmd run.pl --audio-format flac --fs 22050 --segments data/tr_no_dev/segments data/tr_no_dev/wav.scp dump/22.05k/raw/org/tr_no_dev
2025-07-01T00:45:41 (format_wav_scp.sh:97:main) [info]: using data/tr_no_dev/segments
2025-07-01T01:01:35 (format_wav_scp.sh:153:main) Successfully finished. [elapsed=956s]
utils/copy_data_dir.sh: copied data from data/dev to dump/22.05k/raw/org/dev
utils/validate_data_dir.sh: WARNING: you have only one speaker.  This probably a bad idea.
   Search for the word 'bold' in http://kaldi-asr.org/doc/data_prep.html
   for more information.
utils/validate_data_dir.sh: Successfully validated data-directory dump/22.05k/raw/org/dev
2025-07-01T01:01:36 (format_wav_scp.sh:46:main) scripts/audio/format_wav_scp.sh --nj 32 --cmd run.pl --audio-format flac --fs 22050 --segments data/dev/segments data/dev/wav.scp dump/22.05k/raw/org/dev
2025-07-01T01:01:36 (format_wav_scp.sh:97:main) [info]: using data/dev/segments
2025-07-01T01:02:09 (format_wav_scp.sh:153:main) Successfully finished. [elapsed=33s]
utils/copy_data_dir.sh: copied data from data/dev to dump/22.05k/raw/org/dev
utils/validate_data_dir.sh: WARNING: you have only one speaker.  This probably a bad idea.
   Search for the word 'bold' in http://kaldi-asr.org/doc/data_prep.html
   for more information.
utils/validate_data_dir.sh: Successfully validated data-directory dump/22.05k/raw/org/dev
2025-07-01T01:02:10 (format_wav_scp.sh:46:main) scripts/audio/format_wav_scp.sh --nj 32 --cmd run.pl --audio-format flac --fs 22050 --segments data/dev/segments data/dev/wav.scp dump/22.05k/raw/org/dev
2025-07-01T01:02:11 (format_wav_scp.sh:97:main) [info]: using data/dev/segments
2025-07-01T01:03:15 (format_wav_scp.sh:153:main) Successfully finished. [elapsed=65s]
utils/copy_data_dir.sh: copied data from data/eval1 to dump/22.05k/raw/eval1
utils/validate_data_dir.sh: WARNING: you have only one speaker.  This probably a bad idea.
   Search for the word 'bold' in http://kaldi-asr.org/doc/data_prep.html
   for more information.
utils/validate_data_dir.sh: Successfully validated data-directory dump/22.05k/raw/eval1
2025-07-01T01:03:16 (format_wav_scp.sh:46:main) scripts/audio/format_wav_scp.sh --nj 32 --cmd run.pl --audio-format flac --fs 22050 --segments data/eval1/segments data/eval1/wav.scp dump/22.05k/raw/eval1
2025-07-01T01:03:16 (format_wav_scp.sh:97:main) [info]: using data/eval1/segments
2025-07-01T01:03:59 (format_wav_scp.sh:153:main) Successfully finished. [elapsed=43s]
2025-07-01T01:04:00 (tts.sh:452:main) Skip Stage 3.1, no speaker embedding extraction set
2025-07-01T01:04:00 (tts.sh:505:main) Stage 4: Remove long/short data: dump/22.05k/raw/org -> dump/22.05k/raw
utils/copy_data_dir.sh: copied data from dump/22.05k/raw/org/tr_no_dev to dump/22.05k/raw/tr_no_dev
utils/validate_data_dir.sh: WARNING: you have only one speaker.  This probably a bad idea.
   Search for the word 'bold' in http://kaldi-asr.org/doc/data_prep.html
   for more information.
utils/validate_data_dir.sh: Successfully validated data-directory dump/22.05k/raw/tr_no_dev
fix_data_dir.sh: kept 7194 utterances out of 7196
fix_data_dir.sh: old files are kept in dump/22.05k/raw/tr_no_dev/.backup
utils/copy_data_dir.sh: copied data from dump/22.05k/raw/org/dev to dump/22.05k/raw/dev
utils/validate_data_dir.sh: WARNING: you have only one speaker.  This probably a bad idea.
   Search for the word 'bold' in http://kaldi-asr.org/doc/data_prep.html
   for more information.
utils/validate_data_dir.sh: Successfully validated data-directory dump/22.05k/raw/dev
fix_data_dir.sh: kept all 250 utterances.
fix_data_dir.sh: old files are kept in dump/22.05k/raw/dev/.backup
2025-07-01T01:04:10 (tts.sh:560:main) Stage 5: Generate token_list from data/tr_no_dev/text
/home/uesugi/miniconda3/envs/espnet_custom/bin/python3 /home/uesugi/espnet-for-customize-jets/espnet2/bin/tokenize_text.py --token_type phn -f 2- --input dump/22.05k/raw/srctexts --output dump/22.05k/token_list/phn_jaconv_pyopenjtalk_prosody/tokens.txt --non_linguistic_symbols none --cleaner jaconv --g2p pyopenjtalk_prosody --write_vocabulary true --add_symbol '<blank>:0' --add_symbol '<unk>:1' --add_symbol '<sos/eos>:-1'
WARNING: JPCommonLabel_insert_pause() in jpcommon_label.c: First mora should not be short pause.
WARNING: JPCommonLabel_insert_pause() in jpcommon_label.c: First mora should not be short pause.
WARNING: JPCommonLabel_insert_pause() in jpcommon_label.c: First mora should not be short pause.
2025-07-01 01:05:15,813 (tokenize_text:173) INFO: OOV rate = 0.0 %
2025-07-01T01:05:16 (tts.sh:592:main) Stage 6: TTS collect stats: train_set=dump/22.05k/raw/tr_no_dev, valid_set=dump/22.05k/raw/dev
2025-07-01T01:05:21 (tts.sh:686:main) Generate 'exp/22.05k/tts_stats_raw_phn_jaconv_pyopenjtalk_prosody/run.sh'. You can resume the process from stage 6 using this script
2025-07-01T01:05:21 (tts.sh:690:main) TTS collect_stats started... log: 'exp/22.05k/tts_stats_raw_phn_jaconv_pyopenjtalk_prosody/logdir/stats.*.log'
/home/uesugi/miniconda3/envs/espnet_custom/bin/python3 /home/uesugi/espnet-for-customize-jets/espnet2/bin/aggregate_stats_dirs.py --input_dir exp/22.05k/tts_stats_raw_phn_jaconv_pyopenjtalk_prosody/logdir/stats.1 --input_dir exp/22.05k/tts_stats_raw_phn_jaconv_pyopenjtalk_prosody/logdir/stats.2 --input_dir exp/22.05k/tts_stats_raw_phn_jaconv_pyopenjtalk_prosody/logdir/stats.3 --input_dir exp/22.05k/tts_stats_raw_phn_jaconv_pyopenjtalk_prosody/logdir/stats.4 --input_dir exp/22.05k/tts_stats_raw_phn_jaconv_pyopenjtalk_prosody/logdir/stats.5 --input_dir exp/22.05k/tts_stats_raw_phn_jaconv_pyopenjtalk_prosody/logdir/stats.6 --input_dir exp/22.05k/tts_stats_raw_phn_jaconv_pyopenjtalk_prosody/logdir/stats.7 --input_dir exp/22.05k/tts_stats_raw_phn_jaconv_pyopenjtalk_prosody/logdir/stats.8 --input_dir exp/22.05k/tts_stats_raw_phn_jaconv_pyopenjtalk_prosody/logdir/stats.9 --input_dir exp/22.05k/tts_stats_raw_phn_jaconv_pyopenjtalk_prosody/logdir/stats.10 --input_dir exp/22.05k/tts_stats_raw_phn_jaconv_pyopenjtalk_prosody/logdir/stats.11 --input_dir exp/22.05k/tts_stats_raw_phn_jaconv_pyopenjtalk_prosody/logdir/stats.12 --input_dir exp/22.05k/tts_stats_raw_phn_jaconv_pyopenjtalk_prosody/logdir/stats.13 --input_dir exp/22.05k/tts_stats_raw_phn_jaconv_pyopenjtalk_prosody/logdir/stats.14 --input_dir exp/22.05k/tts_stats_raw_phn_jaconv_pyopenjtalk_prosody/logdir/stats.15 --input_dir exp/22.05k/tts_stats_raw_phn_jaconv_pyopenjtalk_prosody/logdir/stats.16 --input_dir exp/22.05k/tts_stats_raw_phn_jaconv_pyopenjtalk_prosody/logdir/stats.17 --input_dir exp/22.05k/tts_stats_raw_phn_jaconv_pyopenjtalk_prosody/logdir/stats.18 --input_dir exp/22.05k/tts_stats_raw_phn_jaconv_pyopenjtalk_prosody/logdir/stats.19 --input_dir exp/22.05k/tts_stats_raw_phn_jaconv_pyopenjtalk_prosody/logdir/stats.20 --input_dir exp/22.05k/tts_stats_raw_phn_jaconv_pyopenjtalk_prosody/logdir/stats.21 --input_dir exp/22.05k/tts_stats_raw_phn_jaconv_pyopenjtalk_prosody/logdir/stats.22 --input_dir exp/22.05k/tts_stats_raw_phn_jaconv_pyopenjtalk_prosody/logdir/stats.23 --input_dir exp/22.05k/tts_stats_raw_phn_jaconv_pyopenjtalk_prosody/logdir/stats.24 --input_dir exp/22.05k/tts_stats_raw_phn_jaconv_pyopenjtalk_prosody/logdir/stats.25 --input_dir exp/22.05k/tts_stats_raw_phn_jaconv_pyopenjtalk_prosody/logdir/stats.26 --input_dir exp/22.05k/tts_stats_raw_phn_jaconv_pyopenjtalk_prosody/logdir/stats.27 --input_dir exp/22.05k/tts_stats_raw_phn_jaconv_pyopenjtalk_prosody/logdir/stats.28 --input_dir exp/22.05k/tts_stats_raw_phn_jaconv_pyopenjtalk_prosody/logdir/stats.29 --input_dir exp/22.05k/tts_stats_raw_phn_jaconv_pyopenjtalk_prosody/logdir/stats.30 --input_dir exp/22.05k/tts_stats_raw_phn_jaconv_pyopenjtalk_prosody/logdir/stats.31 --input_dir exp/22.05k/tts_stats_raw_phn_jaconv_pyopenjtalk_prosody/logdir/stats.32 --output_dir exp/22.05k/tts_stats_raw_phn_jaconv_pyopenjtalk_prosody
2025-07-01T02:07:13 (tts.sh:740:main) Stage 7: TTS Training: train_set=dump/22.05k/raw/tr_no_dev, valid_set=dump/22.05k/raw/dev
2025-07-01T02:07:13 (tts.sh:938:main) Generate 'exp/22.05k/tts_train_jets_22.05k_raw_phn_jaconv_pyopenjtalk_prosody/run.sh'. You can resume the process from stage 7 using this script
2025-07-01T02:07:14 (tts.sh:943:main) TTS training started... log: 'exp/22.05k/tts_train_jets_22.05k_raw_phn_jaconv_pyopenjtalk_prosody/train.log'
2025-07-01 02:07:15,280 (launch:94) INFO: /home/uesugi/miniconda3/envs/espnet_custom/bin/python3 /home/uesugi/espnet-for-customize-jets/espnet2/bin/launch.py --cmd 'run.pl --name exp/22.05k/tts_train_jets_22.05k_raw_phn_jaconv_pyopenjtalk_prosody/train.log' --log exp/22.05k/tts_train_jets_22.05k_raw_phn_jaconv_pyopenjtalk_prosody/train.log --ngpu 1 --num_nodes 1 --init_file_prefix exp/22.05k/tts_train_jets_22.05k_raw_phn_jaconv_pyopenjtalk_prosody/.dist_init_ --multiprocessing_distributed true -- python3 -m espnet2.bin.gan_tts_train --use_preprocessor true --token_type phn --token_list dump/22.05k/token_list/phn_jaconv_pyopenjtalk_prosody/tokens.txt --non_linguistic_symbols none --cleaner jaconv --g2p pyopenjtalk_prosody --normalize global_mvn --resume true --fold_length 150 --fold_length 204800 --output_dir exp/22.05k/tts_train_jets_22.05k_raw_phn_jaconv_pyopenjtalk_prosody --config conf/tuning/train_jets_22.05k.yaml --feats_extract fbank --feats_extract_conf n_fft=1024 --feats_extract_conf hop_length=256 --feats_extract_conf win_length=null --feats_extract_conf fs=22050 --feats_extract_conf fmin=80 --feats_extract_conf fmax=7600 --feats_extract_conf n_mels=80 --train_data_path_and_name_and_type dump/22.05k/raw/tr_no_dev/text,text,text --train_data_path_and_name_and_type dump/22.05k/raw/tr_no_dev/wav.scp,speech,sound --train_shape_file exp/22.05k/tts_stats_raw_phn_jaconv_pyopenjtalk_prosody/train/text_shape.phn --train_shape_file exp/22.05k/tts_stats_raw_phn_jaconv_pyopenjtalk_prosody/train/speech_shape --valid_data_path_and_name_and_type dump/22.05k/raw/dev/text,text,text --valid_data_path_and_name_and_type dump/22.05k/raw/dev/wav.scp,speech,sound --valid_shape_file exp/22.05k/tts_stats_raw_phn_jaconv_pyopenjtalk_prosody/valid/text_shape.phn --valid_shape_file exp/22.05k/tts_stats_raw_phn_jaconv_pyopenjtalk_prosody/valid/speech_shape --train_data_path_and_name_and_type exp/22.05k/tts_stats_raw_phn_jaconv_pyopenjtalk_prosody/train/collect_feats/pitch.scp,pitch,npy --valid_data_path_and_name_and_type exp/22.05k/tts_stats_raw_phn_jaconv_pyopenjtalk_prosody/valid/collect_feats/pitch.scp,pitch,npy --train_data_path_and_name_and_type exp/22.05k/tts_stats_raw_phn_jaconv_pyopenjtalk_prosody/train/collect_feats/energy.scp,energy,npy --valid_data_path_and_name_and_type exp/22.05k/tts_stats_raw_phn_jaconv_pyopenjtalk_prosody/valid/collect_feats/energy.scp,energy,npy --pitch_extract_conf fs=22050 --pitch_extract_conf n_fft=1024 --pitch_extract_conf hop_length=256 --pitch_extract_conf f0max=400 --pitch_extract_conf f0min=80 --pitch_normalize_conf stats_file=exp/22.05k/tts_stats_raw_phn_jaconv_pyopenjtalk_prosody/train/pitch_stats.npz --energy_extract_conf fs=22050 --energy_extract_conf n_fft=1024 --energy_extract_conf hop_length=256 --energy_extract_conf win_length=null --energy_normalize_conf stats_file=exp/22.05k/tts_stats_raw_phn_jaconv_pyopenjtalk_prosody/train/energy_stats.npz --normalize_conf stats_file=exp/22.05k/tts_stats_raw_phn_jaconv_pyopenjtalk_prosody/train/feats_stats.npz
2025-07-01 02:07:15,465 (launch:348) INFO: log file: exp/22.05k/tts_train_jets_22.05k_raw_phn_jaconv_pyopenjtalk_prosody/train.log
run.pl: job failed, log is in exp/22.05k/tts_train_jets_22.05k_raw_phn_jaconv_pyopenjtalk_prosody/train.log
Command '['run.pl', '--name', 'exp/22.05k/tts_train_jets_22.05k_raw_phn_jaconv_pyopenjtalk_prosody/train.log', '--gpu', '1', 'exp/22.05k/tts_train_jets_22.05k_raw_phn_jaconv_pyopenjtalk_prosody/train.log', 'python3', '-m', 'espnet2.bin.gan_tts_train', '--use_preprocessor', 'true', '--token_type', 'phn', '--token_list', 'dump/22.05k/token_list/phn_jaconv_pyopenjtalk_prosody/tokens.txt', '--non_linguistic_symbols', 'none', '--cleaner', 'jaconv', '--g2p', 'pyopenjtalk_prosody', '--normalize', 'global_mvn', '--resume', 'true', '--fold_length', '150', '--fold_length', '204800', '--output_dir', 'exp/22.05k/tts_train_jets_22.05k_raw_phn_jaconv_pyopenjtalk_prosody', '--config', 'conf/tuning/train_jets_22.05k.yaml', '--feats_extract', 'fbank', '--feats_extract_conf', 'n_fft=1024', '--feats_extract_conf', 'hop_length=256', '--feats_extract_conf', 'win_length=null', '--feats_extract_conf', 'fs=22050', '--feats_extract_conf', 'fmin=80', '--feats_extract_conf', 'fmax=7600', '--feats_extract_conf', 'n_mels=80', '--train_data_path_and_name_and_type', 'dump/22.05k/raw/tr_no_dev/text,text,text', '--train_data_path_and_name_and_type', 'dump/22.05k/raw/tr_no_dev/wav.scp,speech,sound', '--train_shape_file', 'exp/22.05k/tts_stats_raw_phn_jaconv_pyopenjtalk_prosody/train/text_shape.phn', '--train_shape_file', 'exp/22.05k/tts_stats_raw_phn_jaconv_pyopenjtalk_prosody/train/speech_shape', '--valid_data_path_and_name_and_type', 'dump/22.05k/raw/dev/text,text,text', '--valid_data_path_and_name_and_type', 'dump/22.05k/raw/dev/wav.scp,speech,sound', '--valid_shape_file', 'exp/22.05k/tts_stats_raw_phn_jaconv_pyopenjtalk_prosody/valid/text_shape.phn', '--valid_shape_file', 'exp/22.05k/tts_stats_raw_phn_jaconv_pyopenjtalk_prosody/valid/speech_shape', '--train_data_path_and_name_and_type', 'exp/22.05k/tts_stats_raw_phn_jaconv_pyopenjtalk_prosody/train/collect_feats/pitch.scp,pitch,npy', '--valid_data_path_and_name_and_type', 'exp/22.05k/tts_stats_raw_phn_jaconv_pyopenjtalk_prosody/valid/collect_feats/pitch.scp,pitch,npy', '--train_data_path_and_name_and_type', 'exp/22.05k/tts_stats_raw_phn_jaconv_pyopenjtalk_prosody/train/collect_feats/energy.scp,energy,npy', '--valid_data_path_and_name_and_type', 'exp/22.05k/tts_stats_raw_phn_jaconv_pyopenjtalk_prosody/valid/collect_feats/energy.scp,energy,npy', '--pitch_extract_conf', 'fs=22050', '--pitch_extract_conf', 'n_fft=1024', '--pitch_extract_conf', 'hop_length=256', '--pitch_extract_conf', 'f0max=400', '--pitch_extract_conf', 'f0min=80', '--pitch_normalize_conf', 'stats_file=exp/22.05k/tts_stats_raw_phn_jaconv_pyopenjtalk_prosody/train/pitch_stats.npz', '--energy_extract_conf', 'fs=22050', '--energy_extract_conf', 'n_fft=1024', '--energy_extract_conf', 'hop_length=256', '--energy_extract_conf', 'win_length=null', '--energy_normalize_conf', 'stats_file=exp/22.05k/tts_stats_raw_phn_jaconv_pyopenjtalk_prosody/train/energy_stats.npz', '--normalize_conf', 'stats_file=exp/22.05k/tts_stats_raw_phn_jaconv_pyopenjtalk_prosody/train/feats_stats.npz', '--ngpu', '1', '--multiprocessing_distributed', 'True']' returned non-zero exit status 1.
Traceback (most recent call last):
  File "/home/uesugi/miniconda3/envs/espnet_custom/lib/python3.9/runpy.py", line 197, in _run_module_as_main
    return _run_code(code, main_globals, None,
  File "/home/uesugi/miniconda3/envs/espnet_custom/lib/python3.9/runpy.py", line 87, in _run_code
    exec(code, run_globals)
  File "/home/uesugi/espnet-for-customize-jets/espnet2/bin/launch.py", line 384, in <module>
    main()
  File "/home/uesugi/espnet-for-customize-jets/espnet2/bin/launch.py", line 375, in main
    raise RuntimeError(
RuntimeError: 
################### The last 1000 lines of exp/22.05k/tts_train_jets_22.05k_raw_phn_jaconv_pyopenjtalk_prosody/train.log ###################
# python3 -m espnet2.bin.gan_tts_train --use_preprocessor true --token_type phn --token_list dump/22.05k/token_list/phn_jaconv_pyopenjtalk_prosody/tokens.txt --non_linguistic_symbols none --cleaner jaconv --g2p pyopenjtalk_prosody --normalize global_mvn --resume true --fold_length 150 --fold_length 204800 --output_dir exp/22.05k/tts_train_jets_22.05k_raw_phn_jaconv_pyopenjtalk_prosody --config conf/tuning/train_jets_22.05k.yaml --feats_extract fbank --feats_extract_conf n_fft=1024 --feats_extract_conf hop_length=256 --feats_extract_conf win_length=null --feats_extract_conf fs=22050 --feats_extract_conf fmin=80 --feats_extract_conf fmax=7600 --feats_extract_conf n_mels=80 --train_data_path_and_name_and_type dump/22.05k/raw/tr_no_dev/text,text,text --train_data_path_and_name_and_type dump/22.05k/raw/tr_no_dev/wav.scp,speech,sound --train_shape_file exp/22.05k/tts_stats_raw_phn_jaconv_pyopenjtalk_prosody/train/text_shape.phn --train_shape_file exp/22.05k/tts_stats_raw_phn_jaconv_pyopenjtalk_prosody/train/speech_shape --valid_data_path_and_name_and_type dump/22.05k/raw/dev/text,text,text --valid_data_path_and_name_and_type dump/22.05k/raw/dev/wav.scp,speech,sound --valid_shape_file exp/22.05k/tts_stats_raw_phn_jaconv_pyopenjtalk_prosody/valid/text_shape.phn --valid_shape_file exp/22.05k/tts_stats_raw_phn_jaconv_pyopenjtalk_prosody/valid/speech_shape --train_data_path_and_name_and_type exp/22.05k/tts_stats_raw_phn_jaconv_pyopenjtalk_prosody/train/collect_feats/pitch.scp,pitch,npy --valid_data_path_and_name_and_type exp/22.05k/tts_stats_raw_phn_jaconv_pyopenjtalk_prosody/valid/collect_feats/pitch.scp,pitch,npy --train_data_path_and_name_and_type exp/22.05k/tts_stats_raw_phn_jaconv_pyopenjtalk_prosody/train/collect_feats/energy.scp,energy,npy --valid_data_path_and_name_and_type exp/22.05k/tts_stats_raw_phn_jaconv_pyopenjtalk_prosody/valid/collect_feats/energy.scp,energy,npy --pitch_extract_conf fs=22050 --pitch_extract_conf n_fft=1024 --pitch_extract_conf hop_length=256 --pitch_extract_conf f0max=400 --pitch_extract_conf f0min=80 --pitch_normalize_conf stats_file=exp/22.05k/tts_stats_raw_phn_jaconv_pyopenjtalk_prosody/train/pitch_stats.npz --energy_extract_conf fs=22050 --energy_extract_conf n_fft=1024 --energy_extract_conf hop_length=256 --energy_extract_conf win_length=null --energy_normalize_conf stats_file=exp/22.05k/tts_stats_raw_phn_jaconv_pyopenjtalk_prosody/train/energy_stats.npz --normalize_conf stats_file=exp/22.05k/tts_stats_raw_phn_jaconv_pyopenjtalk_prosody/train/feats_stats.npz --ngpu 1 --multiprocessing_distributed True 
# Started at Tue Jul  1 02:07:15 JST 2025
#
/home/uesugi/miniconda3/envs/espnet_custom/bin/python3 /home/uesugi/espnet-for-customize-jets/espnet2/bin/gan_tts_train.py --use_preprocessor true --token_type phn --token_list dump/22.05k/token_list/phn_jaconv_pyopenjtalk_prosody/tokens.txt --non_linguistic_symbols none --cleaner jaconv --g2p pyopenjtalk_prosody --normalize global_mvn --resume true --fold_length 150 --fold_length 204800 --output_dir exp/22.05k/tts_train_jets_22.05k_raw_phn_jaconv_pyopenjtalk_prosody --config conf/tuning/train_jets_22.05k.yaml --feats_extract fbank --feats_extract_conf n_fft=1024 --feats_extract_conf hop_length=256 --feats_extract_conf win_length=null --feats_extract_conf fs=22050 --feats_extract_conf fmin=80 --feats_extract_conf fmax=7600 --feats_extract_conf n_mels=80 --train_data_path_and_name_and_type dump/22.05k/raw/tr_no_dev/text,text,text --train_data_path_and_name_and_type dump/22.05k/raw/tr_no_dev/wav.scp,speech,sound --train_shape_file exp/22.05k/tts_stats_raw_phn_jaconv_pyopenjtalk_prosody/train/text_shape.phn --train_shape_file exp/22.05k/tts_stats_raw_phn_jaconv_pyopenjtalk_prosody/train/speech_shape --valid_data_path_and_name_and_type dump/22.05k/raw/dev/text,text,text --valid_data_path_and_name_and_type dump/22.05k/raw/dev/wav.scp,speech,sound --valid_shape_file exp/22.05k/tts_stats_raw_phn_jaconv_pyopenjtalk_prosody/valid/text_shape.phn --valid_shape_file exp/22.05k/tts_stats_raw_phn_jaconv_pyopenjtalk_prosody/valid/speech_shape --train_data_path_and_name_and_type exp/22.05k/tts_stats_raw_phn_jaconv_pyopenjtalk_prosody/train/collect_feats/pitch.scp,pitch,npy --valid_data_path_and_name_and_type exp/22.05k/tts_stats_raw_phn_jaconv_pyopenjtalk_prosody/valid/collect_feats/pitch.scp,pitch,npy --train_data_path_and_name_and_type exp/22.05k/tts_stats_raw_phn_jaconv_pyopenjtalk_prosody/train/collect_feats/energy.scp,energy,npy --valid_data_path_and_name_and_type exp/22.05k/tts_stats_raw_phn_jaconv_pyopenjtalk_prosody/valid/collect_feats/energy.scp,energy,npy --pitch_extract_conf fs=22050 --pitch_extract_conf n_fft=1024 --pitch_extract_conf hop_length=256 --pitch_extract_conf f0max=400 --pitch_extract_conf f0min=80 --pitch_normalize_conf stats_file=exp/22.05k/tts_stats_raw_phn_jaconv_pyopenjtalk_prosody/train/pitch_stats.npz --energy_extract_conf fs=22050 --energy_extract_conf n_fft=1024 --energy_extract_conf hop_length=256 --energy_extract_conf win_length=null --energy_normalize_conf stats_file=exp/22.05k/tts_stats_raw_phn_jaconv_pyopenjtalk_prosody/train/energy_stats.npz --normalize_conf stats_file=exp/22.05k/tts_stats_raw_phn_jaconv_pyopenjtalk_prosody/train/feats_stats.npz --ngpu 1 --multiprocessing_distributed True
Failed to import Flash Attention, using ESPnet default: libcudart.so.12: cannot open shared object file: No such file or directory
Vocabulary size: 47
encoder self-attention layer type = self-attention
encoder self-attention layer type = self-attention
/home/uesugi/miniconda3/envs/espnet_custom/lib/python3.9/site-packages/torch/nn/utils/weight_norm.py:143: FutureWarning: `torch.nn.utils.weight_norm` is deprecated in favor of `torch.nn.utils.parametrizations.weight_norm`.
  WeightNorm.apply(module, name, dim)
Initialize encoder.encoders.0.self_attn.linear_q.bias to zeros
Initialize encoder.encoders.0.self_attn.linear_k.bias to zeros
Initialize encoder.encoders.0.self_attn.linear_v.bias to zeros
Initialize encoder.encoders.0.self_attn.linear_out.bias to zeros
Initialize encoder.encoders.0.feed_forward.w_1.bias to zeros
Initialize encoder.encoders.0.feed_forward.w_2.bias to zeros
Initialize encoder.encoders.0.norm1.bias to zeros
Initialize encoder.encoders.0.norm2.bias to zeros
Initialize encoder.encoders.1.self_attn.linear_q.bias to zeros
Initialize encoder.encoders.1.self_attn.linear_k.bias to zeros
Initialize encoder.encoders.1.self_attn.linear_v.bias to zeros
Initialize encoder.encoders.1.self_attn.linear_out.bias to zeros
Initialize encoder.encoders.1.feed_forward.w_1.bias to zeros
Initialize encoder.encoders.1.feed_forward.w_2.bias to zeros
Initialize encoder.encoders.1.norm1.bias to zeros
Initialize encoder.encoders.1.norm2.bias to zeros
Initialize encoder.encoders.2.self_attn.linear_q.bias to zeros
Initialize encoder.encoders.2.self_attn.linear_k.bias to zeros
Initialize encoder.encoders.2.self_attn.linear_v.bias to zeros
Initialize encoder.encoders.2.self_attn.linear_out.bias to zeros
Initialize encoder.encoders.2.feed_forward.w_1.bias to zeros
Initialize encoder.encoders.2.feed_forward.w_2.bias to zeros
Initialize encoder.encoders.2.norm1.bias to zeros
Initialize encoder.encoders.2.norm2.bias to zeros
Initialize encoder.encoders.3.self_attn.linear_q.bias to zeros
Initialize encoder.encoders.3.self_attn.linear_k.bias to zeros
Initialize encoder.encoders.3.self_attn.linear_v.bias to zeros
Initialize encoder.encoders.3.self_attn.linear_out.bias to zeros
Initialize encoder.encoders.3.feed_forward.w_1.bias to zeros
Initialize encoder.encoders.3.feed_forward.w_2.bias to zeros
Initialize encoder.encoders.3.norm1.bias to zeros
Initialize encoder.encoders.3.norm2.bias to zeros
Initialize encoder.after_norm.bias to zeros
Initialize duration_predictor.conv.0.0.bias to zeros
Initialize duration_predictor.conv.0.2.bias to zeros
Initialize duration_predictor.conv.1.0.bias to zeros
Initialize duration_predictor.conv.1.2.bias to zeros
Initialize duration_predictor.linear.bias to zeros
Initialize pitch_predictor.conv.0.0.bias to zeros
Initialize pitch_predictor.conv.0.2.bias to zeros
Initialize pitch_predictor.conv.1.0.bias to zeros
Initialize pitch_predictor.conv.1.2.bias to zeros
Initialize pitch_predictor.conv.2.0.bias to zeros
Initialize pitch_predictor.conv.2.2.bias to zeros
Initialize pitch_predictor.conv.3.0.bias to zeros
Initialize pitch_predictor.conv.3.2.bias to zeros
Initialize pitch_predictor.conv.4.0.bias to zeros
Initialize pitch_predictor.conv.4.2.bias to zeros
Initialize pitch_predictor.linear.bias to zeros
Initialize pitch_embed.0.bias to zeros
Initialize energy_predictor.conv.0.0.bias to zeros
Initialize energy_predictor.conv.0.2.bias to zeros
Initialize energy_predictor.conv.1.0.bias to zeros
Initialize energy_predictor.conv.1.2.bias to zeros
Initialize energy_predictor.linear.bias to zeros
Initialize energy_embed.0.bias to zeros
Initialize d0_predictor.conv.0.0.bias to zeros
Initialize d0_predictor.conv.0.2.bias to zeros
Initialize d0_predictor.conv.1.0.bias to zeros
Initialize d0_predictor.conv.1.2.bias to zeros
Initialize d0_predictor.linear.bias to zeros
Initialize d0_embed.0.bias to zeros
Initialize alignment_module.t_conv1.bias to zeros
Initialize alignment_module.t_conv2.bias to zeros
Initialize alignment_module.f_conv1.bias to zeros
Initialize alignment_module.f_conv2.bias to zeros
Initialize alignment_module.f_conv3.bias to zeros
Initialize decoder.encoders.0.self_attn.linear_q.bias to zeros
Initialize decoder.encoders.0.self_attn.linear_k.bias to zeros
Initialize decoder.encoders.0.self_attn.linear_v.bias to zeros
Initialize decoder.encoders.0.self_attn.linear_out.bias to zeros
Initialize decoder.encoders.0.feed_forward.w_1.bias to zeros
Initialize decoder.encoders.0.feed_forward.w_2.bias to zeros
Initialize decoder.encoders.0.norm1.bias to zeros
Initialize decoder.encoders.0.norm2.bias to zeros
Initialize decoder.encoders.1.self_attn.linear_q.bias to zeros
Initialize decoder.encoders.1.self_attn.linear_k.bias to zeros
Initialize decoder.encoders.1.self_attn.linear_v.bias to zeros
Initialize decoder.encoders.1.self_attn.linear_out.bias to zeros
Initialize decoder.encoders.1.feed_forward.w_1.bias to zeros
Initialize decoder.encoders.1.feed_forward.w_2.bias to zeros
Initialize decoder.encoders.1.norm1.bias to zeros
Initialize decoder.encoders.1.norm2.bias to zeros
Initialize decoder.encoders.2.self_attn.linear_q.bias to zeros
Initialize decoder.encoders.2.self_attn.linear_k.bias to zeros
Initialize decoder.encoders.2.self_attn.linear_v.bias to zeros
Initialize decoder.encoders.2.self_attn.linear_out.bias to zeros
Initialize decoder.encoders.2.feed_forward.w_1.bias to zeros
Initialize decoder.encoders.2.feed_forward.w_2.bias to zeros
Initialize decoder.encoders.2.norm1.bias to zeros
Initialize decoder.encoders.2.norm2.bias to zeros
Initialize decoder.encoders.3.self_attn.linear_q.bias to zeros
Initialize decoder.encoders.3.self_attn.linear_k.bias to zeros
Initialize decoder.encoders.3.self_attn.linear_v.bias to zeros
Initialize decoder.encoders.3.self_attn.linear_out.bias to zeros
Initialize decoder.encoders.3.feed_forward.w_1.bias to zeros
Initialize decoder.encoders.3.feed_forward.w_2.bias to zeros
Initialize decoder.encoders.3.norm1.bias to zeros
Initialize decoder.encoders.3.norm2.bias to zeros
Initialize decoder.after_norm.bias to zeros
Initialize generator.input_conv.bias to zeros
Initialize generator.upsamples.0.1.bias to zeros
Initialize generator.upsamples.1.1.bias to zeros
Initialize generator.upsamples.2.1.bias to zeros
Initialize generator.upsamples.3.1.bias to zeros
Initialize generator.blocks.0.convs1.0.1.bias to zeros
Initialize generator.blocks.0.convs1.1.1.bias to zeros
Initialize generator.blocks.0.convs1.2.1.bias to zeros
Initialize generator.blocks.0.convs2.0.1.bias to zeros
Initialize generator.blocks.0.convs2.1.1.bias to zeros
Initialize generator.blocks.0.convs2.2.1.bias to zeros
Initialize generator.blocks.1.convs1.0.1.bias to zeros
Initialize generator.blocks.1.convs1.1.1.bias to zeros
Initialize generator.blocks.1.convs1.2.1.bias to zeros
Initialize generator.blocks.1.convs2.0.1.bias to zeros
Initialize generator.blocks.1.convs2.1.1.bias to zeros
Initialize generator.blocks.1.convs2.2.1.bias to zeros
Initialize generator.blocks.2.convs1.0.1.bias to zeros
Initialize generator.blocks.2.convs1.1.1.bias to zeros
Initialize generator.blocks.2.convs1.2.1.bias to zeros
Initialize generator.blocks.2.convs2.0.1.bias to zeros
Initialize generator.blocks.2.convs2.1.1.bias to zeros
Initialize generator.blocks.2.convs2.2.1.bias to zeros
Initialize generator.blocks.3.convs1.0.1.bias to zeros
Initialize generator.blocks.3.convs1.1.1.bias to zeros
Initialize generator.blocks.3.convs1.2.1.bias to zeros
Initialize generator.blocks.3.convs2.0.1.bias to zeros
Initialize generator.blocks.3.convs2.1.1.bias to zeros
Initialize generator.blocks.3.convs2.2.1.bias to zeros
Initialize generator.blocks.4.convs1.0.1.bias to zeros
Initialize generator.blocks.4.convs1.1.1.bias to zeros
Initialize generator.blocks.4.convs1.2.1.bias to zeros
Initialize generator.blocks.4.convs2.0.1.bias to zeros
Initialize generator.blocks.4.convs2.1.1.bias to zeros
Initialize generator.blocks.4.convs2.2.1.bias to zeros
Initialize generator.blocks.5.convs1.0.1.bias to zeros
Initialize generator.blocks.5.convs1.1.1.bias to zeros
Initialize generator.blocks.5.convs1.2.1.bias to zeros
Initialize generator.blocks.5.convs2.0.1.bias to zeros
Initialize generator.blocks.5.convs2.1.1.bias to zeros
Initialize generator.blocks.5.convs2.2.1.bias to zeros
Initialize generator.blocks.6.convs1.0.1.bias to zeros
Initialize generator.blocks.6.convs1.1.1.bias to zeros
Initialize generator.blocks.6.convs1.2.1.bias to zeros
Initialize generator.blocks.6.convs2.0.1.bias to zeros
Initialize generator.blocks.6.convs2.1.1.bias to zeros
Initialize generator.blocks.6.convs2.2.1.bias to zeros
Initialize generator.blocks.7.convs1.0.1.bias to zeros
Initialize generator.blocks.7.convs1.1.1.bias to zeros
Initialize generator.blocks.7.convs1.2.1.bias to zeros
Initialize generator.blocks.7.convs2.0.1.bias to zeros
Initialize generator.blocks.7.convs2.1.1.bias to zeros
Initialize generator.blocks.7.convs2.2.1.bias to zeros
Initialize generator.blocks.8.convs1.0.1.bias to zeros
Initialize generator.blocks.8.convs1.1.1.bias to zeros
Initialize generator.blocks.8.convs1.2.1.bias to zeros
Initialize generator.blocks.8.convs2.0.1.bias to zeros
Initialize generator.blocks.8.convs2.1.1.bias to zeros
Initialize generator.blocks.8.convs2.2.1.bias to zeros
Initialize generator.blocks.9.convs1.0.1.bias to zeros
Initialize generator.blocks.9.convs1.1.1.bias to zeros
Initialize generator.blocks.9.convs1.2.1.bias to zeros
Initialize generator.blocks.9.convs2.0.1.bias to zeros
Initialize generator.blocks.9.convs2.1.1.bias to zeros
Initialize generator.blocks.9.convs2.2.1.bias to zeros
Initialize generator.blocks.10.convs1.0.1.bias to zeros
Initialize generator.blocks.10.convs1.1.1.bias to zeros
Initialize generator.blocks.10.convs1.2.1.bias to zeros
Initialize generator.blocks.10.convs2.0.1.bias to zeros
Initialize generator.blocks.10.convs2.1.1.bias to zeros
Initialize generator.blocks.10.convs2.2.1.bias to zeros
Initialize generator.blocks.11.convs1.0.1.bias to zeros
Initialize generator.blocks.11.convs1.1.1.bias to zeros
Initialize generator.blocks.11.convs1.2.1.bias to zeros
Initialize generator.blocks.11.convs2.0.1.bias to zeros
Initialize generator.blocks.11.convs2.1.1.bias to zeros
Initialize generator.blocks.11.convs2.2.1.bias to zeros
Initialize generator.output_conv.1.bias to zeros
pytorch.version=2.5.1, cuda.available=True, cudnn.version=90100, cudnn.benchmark=False, cudnn.deterministic=False
Model structure:
ESPnetGANTTSModel(
  (feats_extract): LogMelFbank(
    (stft): Stft(n_fft=1024, win_length=1024, hop_length=256, center=True, normalized=False, onesided=True)
    (logmel): LogMel(sr=22050, n_fft=1024, n_mels=80, fmin=80, fmax=7600, htk=False)
  )
  (normalize): GlobalMVN(stats_file=exp/22.05k/tts_stats_raw_phn_jaconv_pyopenjtalk_prosody/train/feats_stats.npz, norm_means=True, norm_vars=True)
  (pitch_extract): Dio()
  (pitch_normalize): GlobalMVN(stats_file=exp/22.05k/tts_stats_raw_phn_jaconv_pyopenjtalk_prosody/train/pitch_stats.npz, norm_means=True, norm_vars=True)
  (energy_extract): Energy(
    (stft): Stft(n_fft=1024, win_length=1024, hop_length=256, center=True, normalized=False, onesided=True)
  )
  (energy_normalize): GlobalMVN(stats_file=exp/22.05k/tts_stats_raw_phn_jaconv_pyopenjtalk_prosody/train/energy_stats.npz, norm_means=True, norm_vars=True)
  (tts): JETS(
    (generator): JETSGenerator(
      (encoder): Encoder(
        (embed): Sequential(
          (0): Embedding(47, 256, padding_idx=0)
          (1): ScaledPositionalEncoding(
            (dropout): Dropout(p=0.2, inplace=False)
          )
        )
        (encoders): MultiSequential(
          (0): EncoderLayer(
            (self_attn): MultiHeadedAttention(
              (linear_q): Linear(in_features=256, out_features=256, bias=True)
              (linear_k): Linear(in_features=256, out_features=256, bias=True)
              (linear_v): Linear(in_features=256, out_features=256, bias=True)
              (linear_out): Linear(in_features=256, out_features=256, bias=True)
              (dropout): Dropout(p=0.2, inplace=False)
              (q_norm): Identity()
              (k_norm): Identity()
            )
            (feed_forward): MultiLayeredConv1d(
              (w_1): Conv1d(256, 1024, kernel_size=(3,), stride=(1,), padding=(1,))
              (w_2): Conv1d(1024, 256, kernel_size=(3,), stride=(1,), padding=(1,))
              (dropout): Dropout(p=0.2, inplace=False)
            )
            (norm1): LayerNorm((256,), eps=1e-12, elementwise_affine=True)
            (norm2): LayerNorm((256,), eps=1e-12, elementwise_affine=True)
            (dropout): Dropout(p=0.2, inplace=False)
          )
          (1): EncoderLayer(
            (self_attn): MultiHeadedAttention(
              (linear_q): Linear(in_features=256, out_features=256, bias=True)
              (linear_k): Linear(in_features=256, out_features=256, bias=True)
              (linear_v): Linear(in_features=256, out_features=256, bias=True)
              (linear_out): Linear(in_features=256, out_features=256, bias=True)
              (dropout): Dropout(p=0.2, inplace=False)
              (q_norm): Identity()
              (k_norm): Identity()
            )
            (feed_forward): MultiLayeredConv1d(
              (w_1): Conv1d(256, 1024, kernel_size=(3,), stride=(1,), padding=(1,))
              (w_2): Conv1d(1024, 256, kernel_size=(3,), stride=(1,), padding=(1,))
              (dropout): Dropout(p=0.2, inplace=False)
            )
            (norm1): LayerNorm((256,), eps=1e-12, elementwise_affine=True)
            (norm2): LayerNorm((256,), eps=1e-12, elementwise_affine=True)
            (dropout): Dropout(p=0.2, inplace=False)
          )
          (2): EncoderLayer(
            (self_attn): MultiHeadedAttention(
              (linear_q): Linear(in_features=256, out_features=256, bias=True)
              (linear_k): Linear(in_features=256, out_features=256, bias=True)
              (linear_v): Linear(in_features=256, out_features=256, bias=True)
              (linear_out): Linear(in_features=256, out_features=256, bias=True)
              (dropout): Dropout(p=0.2, inplace=False)
              (q_norm): Identity()
              (k_norm): Identity()
            )
            (feed_forward): MultiLayeredConv1d(
              (w_1): Conv1d(256, 1024, kernel_size=(3,), stride=(1,), padding=(1,))
              (w_2): Conv1d(1024, 256, kernel_size=(3,), stride=(1,), padding=(1,))
              (dropout): Dropout(p=0.2, inplace=False)
            )
            (norm1): LayerNorm((256,), eps=1e-12, elementwise_affine=True)
            (norm2): LayerNorm((256,), eps=1e-12, elementwise_affine=True)
            (dropout): Dropout(p=0.2, inplace=False)
          )
          (3): EncoderLayer(
            (self_attn): MultiHeadedAttention(
              (linear_q): Linear(in_features=256, out_features=256, bias=True)
              (linear_k): Linear(in_features=256, out_features=256, bias=True)
              (linear_v): Linear(in_features=256, out_features=256, bias=True)
              (linear_out): Linear(in_features=256, out_features=256, bias=True)
              (dropout): Dropout(p=0.2, inplace=False)
              (q_norm): Identity()
              (k_norm): Identity()
            )
            (feed_forward): MultiLayeredConv1d(
              (w_1): Conv1d(256, 1024, kernel_size=(3,), stride=(1,), padding=(1,))
              (w_2): Conv1d(1024, 256, kernel_size=(3,), stride=(1,), padding=(1,))
              (dropout): Dropout(p=0.2, inplace=False)
            )
            (norm1): LayerNorm((256,), eps=1e-12, elementwise_affine=True)
            (norm2): LayerNorm((256,), eps=1e-12, elementwise_affine=True)
            (dropout): Dropout(p=0.2, inplace=False)
          )
        )
        (after_norm): LayerNorm((256,), eps=1e-12, elementwise_affine=True)
      )
      (duration_predictor): DurationPredictor(
        (conv): ModuleList(
          (0-1): 2 x Sequential(
            (0): Conv1d(256, 256, kernel_size=(3,), stride=(1,), padding=(1,))
            (1): ReLU()
            (2): LayerNorm((256,), eps=1e-12, elementwise_affine=True)
            (3): Dropout(p=0.1, inplace=False)
          )
        )
        (linear): Linear(in_features=256, out_features=1, bias=True)
      )
      (pitch_predictor): VariancePredictor(
        (conv): ModuleList(
          (0-4): 5 x Sequential(
            (0): Conv1d(256, 256, kernel_size=(5,), stride=(1,), padding=(2,))
            (1): ReLU()
            (2): LayerNorm((256,), eps=1e-12, elementwise_affine=True)
            (3): Dropout(p=0.5, inplace=False)
          )
        )
        (linear): Linear(in_features=256, out_features=1, bias=True)
      )
      (pitch_embed): Sequential(
        (0): Conv1d(1, 256, kernel_size=(1,), stride=(1,))
        (1): Dropout(p=0.0, inplace=False)
      )
      (energy_predictor): VariancePredictor(
        (conv): ModuleList(
          (0-1): 2 x Sequential(
            (0): Conv1d(256, 256, kernel_size=(3,), stride=(1,), padding=(1,))
            (1): ReLU()
            (2): LayerNorm((256,), eps=1e-12, elementwise_affine=True)
            (3): Dropout(p=0.5, inplace=False)
          )
        )
        (linear): Linear(in_features=256, out_features=1, bias=True)
      )
      (energy_embed): Sequential(
        (0): Conv1d(1, 256, kernel_size=(1,), stride=(1,))
        (1): Dropout(p=0.0, inplace=False)
      )
      (d0_predictor): VariancePredictor(
        (conv): ModuleList(
          (0-1): 2 x Sequential(
            (0): Conv1d(256, 256, kernel_size=(3,), stride=(1,), padding=(1,))
            (1): ReLU()
            (2): LayerNorm((256,), eps=1e-12, elementwise_affine=True)
            (3): Dropout(p=0.5, inplace=False)
          )
        )
        (linear): Linear(in_features=256, out_features=1, bias=True)
      )
      (d0_embed): Sequential(
        (0): Conv1d(1, 256, kernel_size=(1,), stride=(1,))
        (1): Dropout(p=0.0, inplace=False)
      )
      (alignment_module): AlignmentModule(
        (t_conv1): Conv1d(256, 256, kernel_size=(3,), stride=(1,), padding=(1,))
        (t_conv2): Conv1d(256, 256, kernel_size=(1,), stride=(1,))
        (f_conv1): Conv1d(80, 256, kernel_size=(3,), stride=(1,), padding=(1,))
        (f_conv2): Conv1d(256, 256, kernel_size=(3,), stride=(1,), padding=(1,))
        (f_conv3): Conv1d(256, 256, kernel_size=(1,), stride=(1,))
      )
      (length_regulator): GaussianUpsampling()
      (decoder): Encoder(
        (embed): Sequential(
          (0): ScaledPositionalEncoding(
            (dropout): Dropout(p=0.2, inplace=False)
          )
        )
        (encoders): MultiSequential(
          (0): EncoderLayer(
            (self_attn): MultiHeadedAttention(
              (linear_q): Linear(in_features=256, out_features=256, bias=True)
              (linear_k): Linear(in_features=256, out_features=256, bias=True)
              (linear_v): Linear(in_features=256, out_features=256, bias=True)
              (linear_out): Linear(in_features=256, out_features=256, bias=True)
              (dropout): Dropout(p=0.2, inplace=False)
              (q_norm): Identity()
              (k_norm): Identity()
            )
            (feed_forward): MultiLayeredConv1d(
              (w_1): Conv1d(256, 1024, kernel_size=(3,), stride=(1,), padding=(1,))
              (w_2): Conv1d(1024, 256, kernel_size=(3,), stride=(1,), padding=(1,))
              (dropout): Dropout(p=0.2, inplace=False)
            )
            (norm1): LayerNorm((256,), eps=1e-12, elementwise_affine=True)
            (norm2): LayerNorm((256,), eps=1e-12, elementwise_affine=True)
            (dropout): Dropout(p=0.2, inplace=False)
          )
          (1): EncoderLayer(
            (self_attn): MultiHeadedAttention(
              (linear_q): Linear(in_features=256, out_features=256, bias=True)
              (linear_k): Linear(in_features=256, out_features=256, bias=True)
              (linear_v): Linear(in_features=256, out_features=256, bias=True)
              (linear_out): Linear(in_features=256, out_features=256, bias=True)
              (dropout): Dropout(p=0.2, inplace=False)
              (q_norm): Identity()
              (k_norm): Identity()
            )
            (feed_forward): MultiLayeredConv1d(
              (w_1): Conv1d(256, 1024, kernel_size=(3,), stride=(1,), padding=(1,))
              (w_2): Conv1d(1024, 256, kernel_size=(3,), stride=(1,), padding=(1,))
              (dropout): Dropout(p=0.2, inplace=False)
            )
            (norm1): LayerNorm((256,), eps=1e-12, elementwise_affine=True)
            (norm2): LayerNorm((256,), eps=1e-12, elementwise_affine=True)
            (dropout): Dropout(p=0.2, inplace=False)
          )
          (2): EncoderLayer(
            (self_attn): MultiHeadedAttention(
              (linear_q): Linear(in_features=256, out_features=256, bias=True)
              (linear_k): Linear(in_features=256, out_features=256, bias=True)
              (linear_v): Linear(in_features=256, out_features=256, bias=True)
              (linear_out): Linear(in_features=256, out_features=256, bias=True)
              (dropout): Dropout(p=0.2, inplace=False)
              (q_norm): Identity()
              (k_norm): Identity()
            )
            (feed_forward): MultiLayeredConv1d(
              (w_1): Conv1d(256, 1024, kernel_size=(3,), stride=(1,), padding=(1,))
              (w_2): Conv1d(1024, 256, kernel_size=(3,), stride=(1,), padding=(1,))
              (dropout): Dropout(p=0.2, inplace=False)
            )
            (norm1): LayerNorm((256,), eps=1e-12, elementwise_affine=True)
            (norm2): LayerNorm((256,), eps=1e-12, elementwise_affine=True)
            (dropout): Dropout(p=0.2, inplace=False)
          )
          (3): EncoderLayer(
            (self_attn): MultiHeadedAttention(
              (linear_q): Linear(in_features=256, out_features=256, bias=True)
              (linear_k): Linear(in_features=256, out_features=256, bias=True)
              (linear_v): Linear(in_features=256, out_features=256, bias=True)
              (linear_out): Linear(in_features=256, out_features=256, bias=True)
              (dropout): Dropout(p=0.2, inplace=False)
              (q_norm): Identity()
              (k_norm): Identity()
            )
            (feed_forward): MultiLayeredConv1d(
              (w_1): Conv1d(256, 1024, kernel_size=(3,), stride=(1,), padding=(1,))
              (w_2): Conv1d(1024, 256, kernel_size=(3,), stride=(1,), padding=(1,))
              (dropout): Dropout(p=0.2, inplace=False)
            )
            (norm1): LayerNorm((256,), eps=1e-12, elementwise_affine=True)
            (norm2): LayerNorm((256,), eps=1e-12, elementwise_affine=True)
            (dropout): Dropout(p=0.2, inplace=False)
          )
        )
        (after_norm): LayerNorm((256,), eps=1e-12, elementwise_affine=True)
      )
      (generator): HiFiGANGenerator(
        (input_conv): Conv1d(256, 512, kernel_size=(7,), stride=(1,), padding=(3,))
        (upsamples): ModuleList(
          (0): Sequential(
            (0): LeakyReLU(negative_slope=0.1)
            (1): ConvTranspose1d(512, 256, kernel_size=(16,), stride=(8,), padding=(4,))
          )
          (1): Sequential(
            (0): LeakyReLU(negative_slope=0.1)
            (1): ConvTranspose1d(256, 128, kernel_size=(16,), stride=(8,), padding=(4,))
          )
          (2): Sequential(
            (0): LeakyReLU(negative_slope=0.1)
            (1): ConvTranspose1d(128, 64, kernel_size=(4,), stride=(2,), padding=(1,))
          )
          (3): Sequential(
            (0): LeakyReLU(negative_slope=0.1)
            (1): ConvTranspose1d(64, 32, kernel_size=(4,), stride=(2,), padding=(1,))
          )
        )
        (blocks): ModuleList(
          (0): ResidualBlock(
            (convs1): ModuleList(
              (0): Sequential(
                (0): LeakyReLU(negative_slope=0.1)
                (1): Conv1d(256, 256, kernel_size=(3,), stride=(1,), padding=(1,))
              )
              (1): Sequential(
                (0): LeakyReLU(negative_slope=0.1)
                (1): Conv1d(256, 256, kernel_size=(3,), stride=(1,), padding=(3,), dilation=(3,))
              )
              (2): Sequential(
                (0): LeakyReLU(negative_slope=0.1)
                (1): Conv1d(256, 256, kernel_size=(3,), stride=(1,), padding=(5,), dilation=(5,))
              )
            )
            (convs2): ModuleList(
              (0-2): 3 x Sequential(
                (0): LeakyReLU(negative_slope=0.1)
                (1): Conv1d(256, 256, kernel_size=(3,), stride=(1,), padding=(1,))
              )
            )
          )
          (1): ResidualBlock(
            (convs1): ModuleList(
              (0): Sequential(
                (0): LeakyReLU(negative_slope=0.1)
                (1): Conv1d(256, 256, kernel_size=(7,), stride=(1,), padding=(3,))
              )
              (1): Sequential(
                (0): LeakyReLU(negative_slope=0.1)
                (1): Conv1d(256, 256, kernel_size=(7,), stride=(1,), padding=(9,), dilation=(3,))
              )
              (2): Sequential(
                (0): LeakyReLU(negative_slope=0.1)
                (1): Conv1d(256, 256, kernel_size=(7,), stride=(1,), padding=(15,), dilation=(5,))
              )
            )
            (convs2): ModuleList(
              (0-2): 3 x Sequential(
                (0): LeakyReLU(negative_slope=0.1)
                (1): Conv1d(256, 256, kernel_size=(7,), stride=(1,), padding=(3,))
              )
            )
          )
          (2): ResidualBlock(
            (convs1): ModuleList(
              (0): Sequential(
                (0): LeakyReLU(negative_slope=0.1)
                (1): Conv1d(256, 256, kernel_size=(11,), stride=(1,), padding=(5,))
              )
              (1): Sequential(
                (0): LeakyReLU(negative_slope=0.1)
                (1): Conv1d(256, 256, kernel_size=(11,), stride=(1,), padding=(15,), dilation=(3,))
              )
              (2): Sequential(
                (0): LeakyReLU(negative_slope=0.1)
                (1): Conv1d(256, 256, kernel_size=(11,), stride=(1,), padding=(25,), dilation=(5,))
              )
            )
            (convs2): ModuleList(
              (0-2): 3 x Sequential(
                (0): LeakyReLU(negative_slope=0.1)
                (1): Conv1d(256, 256, kernel_size=(11,), stride=(1,), padding=(5,))
              )
            )
          )
          (3): ResidualBlock(
            (convs1): ModuleList(
              (0): Sequential(
                (0): LeakyReLU(negative_slope=0.1)
                (1): Conv1d(128, 128, kernel_size=(3,), stride=(1,), padding=(1,))
              )
              (1): Sequential(
                (0): LeakyReLU(negative_slope=0.1)
                (1): Conv1d(128, 128, kernel_size=(3,), stride=(1,), padding=(3,), dilation=(3,))
              )
              (2): Sequential(
                (0): LeakyReLU(negative_slope=0.1)
                (1): Conv1d(128, 128, kernel_size=(3,), stride=(1,), padding=(5,), dilation=(5,))
              )
            )
            (convs2): ModuleList(
              (0-2): 3 x Sequential(
                (0): LeakyReLU(negative_slope=0.1)
                (1): Conv1d(128, 128, kernel_size=(3,), stride=(1,), padding=(1,))
              )
            )
          )
          (4): ResidualBlock(
            (convs1): ModuleList(
              (0): Sequential(
                (0): LeakyReLU(negative_slope=0.1)
                (1): Conv1d(128, 128, kernel_size=(7,), stride=(1,), padding=(3,))
              )
              (1): Sequential(
                (0): LeakyReLU(negative_slope=0.1)
                (1): Conv1d(128, 128, kernel_size=(7,), stride=(1,), padding=(9,), dilation=(3,))
              )
              (2): Sequential(
                (0): LeakyReLU(negative_slope=0.1)
                (1): Conv1d(128, 128, kernel_size=(7,), stride=(1,), padding=(15,), dilation=(5,))
              )
            )
            (convs2): ModuleList(
              (0-2): 3 x Sequential(
                (0): LeakyReLU(negative_slope=0.1)
                (1): Conv1d(128, 128, kernel_size=(7,), stride=(1,), padding=(3,))
              )
            )
          )
          (5): ResidualBlock(
            (convs1): ModuleList(
              (0): Sequential(
                (0): LeakyReLU(negative_slope=0.1)
                (1): Conv1d(128, 128, kernel_size=(11,), stride=(1,), padding=(5,))
              )
              (1): Sequential(
                (0): LeakyReLU(negative_slope=0.1)
                (1): Conv1d(128, 128, kernel_size=(11,), stride=(1,), padding=(15,), dilation=(3,))
              )
              (2): Sequential(
                (0): LeakyReLU(negative_slope=0.1)
                (1): Conv1d(128, 128, kernel_size=(11,), stride=(1,), padding=(25,), dilation=(5,))
              )
            )
            (convs2): ModuleList(
              (0-2): 3 x Sequential(
                (0): LeakyReLU(negative_slope=0.1)
                (1): Conv1d(128, 128, kernel_size=(11,), stride=(1,), padding=(5,))
              )
            )
          )
          (6): ResidualBlock(
            (convs1): ModuleList(
              (0): Sequential(
                (0): LeakyReLU(negative_slope=0.1)
                (1): Conv1d(64, 64, kernel_size=(3,), stride=(1,), padding=(1,))
              )
              (1): Sequential(
                (0): LeakyReLU(negative_slope=0.1)
                (1): Conv1d(64, 64, kernel_size=(3,), stride=(1,), padding=(3,), dilation=(3,))
              )
              (2): Sequential(
                (0): LeakyReLU(negative_slope=0.1)
                (1): Conv1d(64, 64, kernel_size=(3,), stride=(1,), padding=(5,), dilation=(5,))
              )
            )
            (convs2): ModuleList(
              (0-2): 3 x Sequential(
                (0): LeakyReLU(negative_slope=0.1)
                (1): Conv1d(64, 64, kernel_size=(3,), stride=(1,), padding=(1,))
              )
            )
          )
          (7): ResidualBlock(
            (convs1): ModuleList(
              (0): Sequential(
                (0): LeakyReLU(negative_slope=0.1)
                (1): Conv1d(64, 64, kernel_size=(7,), stride=(1,), padding=(3,))
              )
              (1): Sequential(
                (0): LeakyReLU(negative_slope=0.1)
                (1): Conv1d(64, 64, kernel_size=(7,), stride=(1,), padding=(9,), dilation=(3,))
              )
              (2): Sequential(
                (0): LeakyReLU(negative_slope=0.1)
                (1): Conv1d(64, 64, kernel_size=(7,), stride=(1,), padding=(15,), dilation=(5,))
              )
            )
            (convs2): ModuleList(
              (0-2): 3 x Sequential(
                (0): LeakyReLU(negative_slope=0.1)
                (1): Conv1d(64, 64, kernel_size=(7,), stride=(1,), padding=(3,))
              )
            )
          )
          (8): ResidualBlock(
            (convs1): ModuleList(
              (0): Sequential(
                (0): LeakyReLU(negative_slope=0.1)
                (1): Conv1d(64, 64, kernel_size=(11,), stride=(1,), padding=(5,))
              )
              (1): Sequential(
                (0): LeakyReLU(negative_slope=0.1)
                (1): Conv1d(64, 64, kernel_size=(11,), stride=(1,), padding=(15,), dilation=(3,))
              )
              (2): Sequential(
                (0): LeakyReLU(negative_slope=0.1)
                (1): Conv1d(64, 64, kernel_size=(11,), stride=(1,), padding=(25,), dilation=(5,))
              )
            )
            (convs2): ModuleList(
              (0-2): 3 x Sequential(
                (0): LeakyReLU(negative_slope=0.1)
                (1): Conv1d(64, 64, kernel_size=(11,), stride=(1,), padding=(5,))
              )
            )
          )
          (9): ResidualBlock(
            (convs1): ModuleList(
              (0): Sequential(
                (0): LeakyReLU(negative_slope=0.1)
                (1): Conv1d(32, 32, kernel_size=(3,), stride=(1,), padding=(1,))
              )
              (1): Sequential(
                (0): LeakyReLU(negative_slope=0.1)
                (1): Conv1d(32, 32, kernel_size=(3,), stride=(1,), padding=(3,), dilation=(3,))
              )
              (2): Sequential(
                (0): LeakyReLU(negative_slope=0.1)
                (1): Conv1d(32, 32, kernel_size=(3,), stride=(1,), padding=(5,), dilation=(5,))
              )
            )
            (convs2): ModuleList(
              (0-2): 3 x Sequential(
                (0): LeakyReLU(negative_slope=0.1)
                (1): Conv1d(32, 32, kernel_size=(3,), stride=(1,), padding=(1,))
              )
            )
          )
          (10): ResidualBlock(
            (convs1): ModuleList(
              (0): Sequential(
                (0): LeakyReLU(negative_slope=0.1)
                (1): Conv1d(32, 32, kernel_size=(7,), stride=(1,), padding=(3,))
              )
              (1): Sequential(
                (0): LeakyReLU(negative_slope=0.1)
                (1): Conv1d(32, 32, kernel_size=(7,), stride=(1,), padding=(9,), dilation=(3,))
              )
              (2): Sequential(
                (0): LeakyReLU(negative_slope=0.1)
                (1): Conv1d(32, 32, kernel_size=(7,), stride=(1,), padding=(15,), dilation=(5,))
              )
            )
            (convs2): ModuleList(
              (0-2): 3 x Sequential(
                (0): LeakyReLU(negative_slope=0.1)
                (1): Conv1d(32, 32, kernel_size=(7,), stride=(1,), padding=(3,))
              )
            )
          )
          (11): ResidualBlock(
            (convs1): ModuleList(
              (0): Sequential(
                (0): LeakyReLU(negative_slope=0.1)
                (1): Conv1d(32, 32, kernel_size=(11,), stride=(1,), padding=(5,))
              )
              (1): Sequential(
                (0): LeakyReLU(negative_slope=0.1)
                (1): Conv1d(32, 32, kernel_size=(11,), stride=(1,), padding=(15,), dilation=(3,))
              )
              (2): Sequential(
                (0): LeakyReLU(negative_slope=0.1)
                (1): Conv1d(32, 32, kernel_size=(11,), stride=(1,), padding=(25,), dilation=(5,))
              )
            )
            (convs2): ModuleList(
              (0-2): 3 x Sequential(
                (0): LeakyReLU(negative_slope=0.1)
                (1): Conv1d(32, 32, kernel_size=(11,), stride=(1,), padding=(5,))
              )
            )
          )
        )
        (output_conv): Sequential(
          (0): LeakyReLU(negative_slope=0.01)
          (1): Conv1d(32, 1, kernel_size=(7,), stride=(1,), padding=(3,))
          (2): Tanh()
        )
      )
    )
    (discriminator): HiFiGANMultiScaleMultiPeriodDiscriminator(
      (msd): HiFiGANMultiScaleDiscriminator(
        (discriminators): ModuleList(
          (0): HiFiGANScaleDiscriminator(
            (layers): ModuleList(
              (0): Sequential(
                (0): Conv1d(1, 128, kernel_size=(15,), stride=(1,), padding=(7,))
                (1): LeakyReLU(negative_slope=0.1)
              )
              (1): Sequential(
                (0): Conv1d(128, 128, kernel_size=(41,), stride=(2,), padding=(20,), groups=4)
                (1): LeakyReLU(negative_slope=0.1)
              )
              (2): Sequential(
                (0): Conv1d(128, 256, kernel_size=(41,), stride=(2,), padding=(20,), groups=16)
                (1): LeakyReLU(negative_slope=0.1)
              )
              (3): Sequential(
                (0): Conv1d(256, 512, kernel_size=(41,), stride=(4,), padding=(20,), groups=16)
                (1): LeakyReLU(negative_slope=0.1)
              )
              (4): Sequential(
                (0): Conv1d(512, 1024, kernel_size=(41,), stride=(4,), padding=(20,), groups=16)
                (1): LeakyReLU(negative_slope=0.1)
              )
              (5): Sequential(
                (0): Conv1d(1024, 1024, kernel_size=(41,), stride=(1,), padding=(20,), groups=16)
                (1): LeakyReLU(negative_slope=0.1)
              )
              (6): Sequential(
                (0): Conv1d(1024, 1024, kernel_size=(5,), stride=(1,), padding=(2,))
                (1): LeakyReLU(negative_slope=0.1)
              )
              (7): Conv1d(1024, 1, kernel_size=(3,), stride=(1,), padding=(1,))
            )
          )
        )
      )
      (mpd): HiFiGANMultiPeriodDiscriminator(
        (discriminators): ModuleList(
          (0-4): 5 x HiFiGANPeriodDiscriminator(
            (convs): ModuleList(
              (0): Sequential(
                (0): Conv2d(1, 32, kernel_size=(5, 1), stride=(3, 1), padding=(2, 0))
                (1): LeakyReLU(negative_slope=0.1)
              )
              (1): Sequential(
                (0): Conv2d(32, 128, kernel_size=(5, 1), stride=(3, 1), padding=(2, 0))
                (1): LeakyReLU(negative_slope=0.1)
              )
              (2): Sequential(
                (0): Conv2d(128, 512, kernel_size=(5, 1), stride=(3, 1), padding=(2, 0))
                (1): LeakyReLU(negative_slope=0.1)
              )
              (3): Sequential(
                (0): Conv2d(512, 1024, kernel_size=(5, 1), stride=(3, 1), padding=(2, 0))
                (1): LeakyReLU(negative_slope=0.1)
              )
              (4): Sequential(
                (0): Conv2d(1024, 1024, kernel_size=(5, 1), stride=(1, 1), padding=(2, 0))
                (1): LeakyReLU(negative_slope=0.1)
              )
            )
            (output_conv): Conv2d(1024, 1, kernel_size=(2, 1), stride=(1, 1), padding=(1, 0))
          )
        )
      )
    )
    (generator_adv_loss): GeneratorAdversarialLoss()
    (discriminator_adv_loss): DiscriminatorAdversarialLoss()
    (feat_match_loss): FeatureMatchLoss()
    (mel_loss): MelSpectrogramLoss(
      (wav_to_mel): LogMelFbank(
        (stft): Stft(n_fft=1024, win_length=1024, hop_length=256, center=True, normalized=False, onesided=True)
        (logmel): LogMel(sr=22050, n_fft=1024, n_mels=80, fmin=0, fmax=11025.0, htk=False)
      )
    )
    (var_loss): VarianceLoss(
      (mse_criterion): MSELoss()
      (duration_criterion): DurationPredictorLoss(
        (criterion): MSELoss()
      )
    )
    (forwardsum_loss): ForwardSumLoss()
  )
)

Model summary:
    Class Name: ESPnetGANTTSModel
    Total Number of model parameters: 83.68 M
    Number of trainable parameters: 83.68 M (100.0%)
    Size: 334.71 MB
    Type: torch.float32
Optimizer:
AdamW (
Parameter Group 0
    amsgrad: False
    betas: [0.8, 0.99]
    capturable: False
    differentiable: False
    eps: 1e-09
    foreach: None
    fused: None
    initial_lr: 0.0002
    lr: 0.0002
    maximize: False
    weight_decay: 0.0
)
Scheduler: <torch.optim.lr_scheduler.ExponentialLR object at 0x7b2df52356d0>
Optimizer2:
AdamW (
Parameter Group 0
    amsgrad: False
    betas: [0.8, 0.99]
    capturable: False
    differentiable: False
    eps: 1e-09
    foreach: None
    fused: None
    initial_lr: 0.0002
    lr: 0.0002
    maximize: False
    weight_decay: 0.0
)
Scheduler2: <torch.optim.lr_scheduler.ExponentialLR object at 0x7b2df5235a30>
Saving the configuration in exp/22.05k/tts_train_jets_22.05k_raw_phn_jaconv_pyopenjtalk_prosody/config.yaml
[train] Batch sampler: NumElementsBatchSampler(N-batch=353, batch_bins=2000000, sort_in_batch=descending, sort_batch=descending)
[train] mini-batch sizes summary: N-batch=353, mean=20.4, min=4, max=46
keys_to_load is not None, only loading 7194 keys from dump/22.05k/raw/tr_no_dev/text
[train] dataset:
ESPnetDataset(
  text: {"path": "dump/22.05k/raw/tr_no_dev/text", "type": "text"}
  speech: {"path": "dump/22.05k/raw/tr_no_dev/wav.scp", "type": "sound"}
  pitch: {"path": "exp/22.05k/tts_stats_raw_phn_jaconv_pyopenjtalk_prosody/train/collect_feats/pitch.scp", "type": "npy"}
  energy: {"path": "exp/22.05k/tts_stats_raw_phn_jaconv_pyopenjtalk_prosody/train/collect_feats/energy.scp", "type": "npy"}
  preprocess: <espnet2.train.preprocessor.CommonPreprocessor object at 0x7b2ddfcd23a0>)
[valid] Batch sampler: NumElementsBatchSampler(N-batch=11, batch_bins=2000000, sort_in_batch=descending, sort_batch=descending)
[valid] mini-batch sizes summary: N-batch=11, mean=22.7, min=3, max=36
keys_to_load is not None, only loading 250 keys from dump/22.05k/raw/dev/text
[valid] dataset:
ESPnetDataset(
  text: {"path": "dump/22.05k/raw/dev/text", "type": "text"}
  speech: {"path": "dump/22.05k/raw/dev/wav.scp", "type": "sound"}
  pitch: {"path": "exp/22.05k/tts_stats_raw_phn_jaconv_pyopenjtalk_prosody/valid/collect_feats/pitch.scp", "type": "npy"}
  energy: {"path": "exp/22.05k/tts_stats_raw_phn_jaconv_pyopenjtalk_prosody/valid/collect_feats/energy.scp", "type": "npy"}
  preprocess: <espnet2.train.preprocessor.CommonPreprocessor object at 0x7b2df74b88b0>)
[plot_att] Batch sampler: UnsortedBatchSampler(N-batch=250, batch_size=1, key_file=exp/22.05k/tts_stats_raw_phn_jaconv_pyopenjtalk_prosody/valid/text_shape.phn, 
[plot_att] mini-batch sizes summary: N-batch=3, mean=1.0, min=1, max=1
keys_to_load is not None, only loading 3 keys from dump/22.05k/raw/dev/text
[plot_att] dataset:
ESPnetDataset(
  text: {"path": "dump/22.05k/raw/dev/text", "type": "text"}
  speech: {"path": "dump/22.05k/raw/dev/wav.scp", "type": "sound"}
  pitch: {"path": "exp/22.05k/tts_stats_raw_phn_jaconv_pyopenjtalk_prosody/valid/collect_feats/pitch.scp", "type": "npy"}
  energy: {"path": "exp/22.05k/tts_stats_raw_phn_jaconv_pyopenjtalk_prosody/valid/collect_feats/energy.scp", "type": "npy"}
  preprocess: <espnet2.train.preprocessor.CommonPreprocessor object at 0x7b2df74b8100>)
1/1000epoch started
/home/uesugi/espnet-for-customize-jets/espnet2/train/gan_trainer.py:174: FutureWarning: `torch.cuda.amp.autocast(args...)` is deprecated. Please use `torch.amp.autocast('cuda', args...)` instead.
  with autocast(scaler is not None):
/home/uesugi/espnet-for-customize-jets/espnet2/gan_tts/espnet_model.py:120: FutureWarning: `torch.cuda.amp.autocast(args...)` is deprecated. Please use `torch.amp.autocast('cuda', args...)` instead.
  with autocast(False):
Traceback (most recent call last):
  File "/home/uesugi/miniconda3/envs/espnet_custom/lib/python3.9/runpy.py", line 197, in _run_module_as_main
    return _run_code(code, main_globals, None,
  File "/home/uesugi/miniconda3/envs/espnet_custom/lib/python3.9/runpy.py", line 87, in _run_code
    exec(code, run_globals)
  File "/home/uesugi/espnet-for-customize-jets/espnet2/bin/gan_tts_train.py", line 22, in <module>
    main()
  File "/home/uesugi/espnet-for-customize-jets/espnet2/bin/gan_tts_train.py", line 18, in main
    GANTTSTask.main(cmd=cmd)
  File "/home/uesugi/espnet-for-customize-jets/espnet2/tasks/abs_task.py", line 1225, in main
    cls.main_worker(args)
  File "/home/uesugi/espnet-for-customize-jets/espnet2/tasks/abs_task.py", line 1581, in main_worker
    cls.trainer.run(
  File "/home/uesugi/espnet-for-customize-jets/espnet2/train/trainer.py", line 343, in run
    all_steps_are_invalid = cls.train_one_epoch(
  File "/home/uesugi/espnet-for-customize-jets/espnet2/train/gan_trainer.py", line 176, in train_one_epoch
    retval = model(forward_generator=turn == "generator", **batch)
  File "/home/uesugi/miniconda3/envs/espnet_custom/lib/python3.9/site-packages/torch/nn/modules/module.py", line 1736, in _wrapped_call_impl
    return self._call_impl(*args, **kwargs)
  File "/home/uesugi/miniconda3/envs/espnet_custom/lib/python3.9/site-packages/torch/nn/modules/module.py", line 1747, in _call_impl
    return forward_call(*args, **kwargs)
  File "/home/uesugi/espnet-for-customize-jets/espnet2/gan_tts/espnet_model.py", line 190, in forward
    return self.tts(**batch)
  File "/home/uesugi/miniconda3/envs/espnet_custom/lib/python3.9/site-packages/torch/nn/modules/module.py", line 1736, in _wrapped_call_impl
    return self._call_impl(*args, **kwargs)
  File "/home/uesugi/miniconda3/envs/espnet_custom/lib/python3.9/site-packages/torch/nn/modules/module.py", line 1747, in _call_impl
    return forward_call(*args, **kwargs)
  File "/home/uesugi/espnet-for-customize-jets/espnet2/gan_tts/jets/jets.py", line 361, in forward
    return self._forward_generator(
  File "/home/uesugi/espnet-for-customize-jets/espnet2/gan_tts/jets/jets.py", line 429, in _forward_generator
    outs = self.generator(
  File "/home/uesugi/miniconda3/envs/espnet_custom/lib/python3.9/site-packages/torch/nn/modules/module.py", line 1736, in _wrapped_call_impl
    return self._call_impl(*args, **kwargs)
  File "/home/uesugi/miniconda3/envs/espnet_custom/lib/python3.9/site-packages/torch/nn/modules/module.py", line 1747, in _call_impl
    return forward_call(*args, **kwargs)
TypeError: forward() missing 2 required positional arguments: 'd0' and 'd0_lengths'
# Accounting: time=164 threads=1
# Ended (code 1) at Tue Jul  1 02:09:59 JST 2025, elapsed time 164 seconds

